Command: c:\espressif\python_env\idf5.5_py3.11_env\Scripts\python.exe c:\esp\v5.5.2\esp-idf\tools/idf_monitor.py -p COM7 -b 115200 --toolchain-prefix xtensa-esp32-elf- --target esp32 --revision 0 C:\ESP32\Codes\cloud_upload\build\cloud_upload.elf C:\ESP32\Codes\cloud_upload\build\bootloader\bootloader.elf --force-color -m 'c:\espressif\python_env\idf5.5_py3.11_env\Scripts\python.exe' 'c:\esp\v5.5.2\esp-idf\tools\idf.py'
ets Jul 29 2019 12:21:46

rst:0x1 (POWERON�ets Jul 29 2019 12:21:46

rst:0x1 (POWERON_RESET),boot:0x13 (SPI_FAST_FLASH_BOOT)
configsip: 0, SPIWP:0xee
clk_drv:0x00,q_drv:0x00,d_drv:0x00,cs0_drv:0x00,hd_drv:0x00,wp_drv:0x00
mode:DIO, clock div:2
load:0x3fff0030,len:6384
load:0x40078000,len:15916
load:0x40080400,len:3920
entry 0x40080644
[0;32mI (27) boot: ESP-IDF v5.5.2 2nd stage bootloader[0m
[0;32mI (27) boot: compile time Apr 24 2026 13:16:11[0m
[0;32mI (28) boot: Multicore bootloader[0m
[0;32mI (29) boot: chip revision: v3.1[0m
[0;32mI (32) boot.esp32: SPI Speed      : 40MHz[0m
[0;32mI (35) boot.esp32: SPI Mode       : DIO[0m
[0;32mI (39) boot.esp32: SPI Flash Size : 2MB[0m
[0;32mI (42) boot: Enabling RNG early entropy source...[0m
[0;32mI (47) boot: Partition Table:[0m
[0;32mI (49) boot: ## Label            Usage          Type ST Offset   Length[0m
[0;32mI (56) boot:  0 nvs              WiFi data        01 02 00009000 00006000[0m
[0;32mI (62) boot:  1 phy_init         RF data          01 01 0000f000 00001000[0m
[0;32mI (69) boot:  2 factory          factory app      00 00 00010000 00100000[0m
[0;32mI (75) boot: End of partition table[0m
[0;32mI (79) esp_image: segment 0: paddr=00010020 vaddr=3f400020 size=1e09ch (123036) map[0m
[0;32mI (128) esp_image: segment 1: paddr=0002e0c4 vaddr=3ffb0000 size=01f54h (  8020) load[0m
[0;32mI (131) esp_image: segment 2: paddr=00030020 vaddr=400d0020 size=9ca90h (641680) map[0m
[0;32mI (351) esp_image: segment 3: paddr=000ccab8 vaddr=3ffb1f54 size=01fd0h (  8144) load[0m
[0;32mI (355) esp_image: segment 4: paddr=000cea90 vaddr=40080000 size=17f9ch ( 98204) load[0m
[0;32mI (393) esp_image: segment 5: paddr=000e6a34 vaddr=50000000 size=00020h (    32) load[0m
[0;32mI (405) boot: Loaded app from partition at offset 0x10000[0m
[0;32mI (405) boot: Disabling RNG early entropy source...[0m
[0;32mI (416) cpu_start: Multicore app[0m
[0;32mI (424) cpu_start: GPIO 3 and 1 are used as console UART I/O pins[0m
[0;32mI (424) cpu_start: Pro cpu start user code[0m
[0;32mI (424) cpu_start: cpu freq: 160000000 Hz[0m
[0;32mI (426) app_init: Application information:[0m
[0;32mI (430) app_init: Project name:     cloud_upload[0m
[0;32mI (434) app_init: App version:      1[0m
[0;32mI (438) app_init: Compile time:     Apr 24 2026 13:10:53[0m
[0;32mI (443) app_init: ELF file SHA256:  bd716b787...[0m
[0;32mI (447) app_init: ESP-IDF:          v5.5.2[0m
[0;32mI (451) efuse_init: Min chip rev:     v0.0[0m
[0;32mI (455) efuse_init: Max chip rev:     v3.99 [0m
[0;32mI (459) efuse_init: Chip rev:         v3.1[0m
[0;32mI (463) heap_init: Initializing. RAM available for dynamic allocation:[0m
[0;32mI (469) heap_init: At 3FFAE6E0 len 00001920 (6 KiB): DRAM[0m
[0;32mI (474) heap_init: At 3FFB8840 len 000277C0 (157 KiB): DRAM[0m
[0;32mI (479) heap_init: At 3FFE0440 len 00003AE0 (14 KiB): D/IRAM[0m
[0;32mI (485) heap_init: At 3FFE4350 len 0001BCB0 (111 KiB): D/IRAM[0m
[0;32mI (490) heap_init: At 40097F9C len 00008064 (32 KiB): IRAM[0m
[0;33mW (497) spi_flash: Detected boya flash chip but using generic driver. For optimal functionality, enable `SPI_FLASH_SUPPORT_BOYA_CHIP` in menuconfig[0m
[0;32mI (509) spi_flash: detected chip: generic[0m
[0;32mI (512) spi_flash: flash io: dio[0m
[0;33mW (515) spi_flash: Detected size(4096k) larger than the size in the binary image header(2048k). Using the size in the binary image header.[0m
[0;32mI (528) main_task: Started on CPU0[0m
[0;32mI (538) main_task: Calling app_main()[0m
[0;32mI (568) wifi:wifi driver task: 3ffc0888, prio:23, stack:6656, core=0[0m
[0;32mI (578) wifi:wifi firmware version: ee91c8c[0m
[0;32mI (578) wifi:wifi certification version: v7.0[0m
[0;32mI (578) wifi:config NVS flash: enabled[0m
[0;32mI (578) wifi:config nano formatting: disabled[0m
[0;32mI (578) wifi:Init data frame dynamic rx buffer num: 32[0m
[0;32mI (588) wifi:Init static rx mgmt buffer num: 5[0m
[0;32mI (588) wifi:Init management short buffer num: 32[0m
[0;32mI (598) wifi:Init dynamic tx buffer num: 32[0m
[0;32mI (598) wifi:Init static rx buffer size: 1600[0m
[0;32mI (608) wifi:Init static rx buffer num: 10[0m
[0;32mI (608) wifi:Init dynamic rx buffer num: 32[0m
[0;32mI (618) wifi_init: rx ba win: 6[0m
[0;32mI (618) wifi_init: accept mbox: 6[0m
[0;32mI (618) wifi_init: tcpip mbox: 32[0m
[0;32mI (618) wifi_init: udp mbox: 6[0m
[0;32mI (628) wifi_init: tcp mbox: 6[0m
[0;32mI (628) wifi_init: tcp tx win: 5760[0m
[0;32mI (628) wifi_init: tcp rx win: 5760[0m
[0;32mI (628) wifi_init: tcp mss: 1440[0m
[0;32mI (638) wifi_init: WiFi IRAM OP enabled[0m
[0;32mI (638) wifi_init: WiFi RX IRAM OP enabled[0m
[0;33mW (648) wifi:Password length matches WPA2 standards, authmode threshold changes from OPEN to WPA2[0m
[0;32mI (648) phy_init: phy_version 4863,a3a4459,Oct 28 2025,14:30:06[0m
[0;32mI (738) phy_init: Saving new calibration data due to checksum failure or outdated calibration data, mode(0)[0m
[0;32mI (758) wifi:mode : sta (f0:24:f9:0c:9c:fc)[0m
[0;32mI (758) wifi:enable tsf[0m
WIFI Started 
Temperature = 30.227106 C
[1;31mE (768) esp-tls: couldn't get hostname for :api.thingspeak.com: getaddrinfo() returns 202, addrinfo=0x0[0m
[1;31mE (768) transport_base: Failed to open a new connection: 32769[0m
[0;32mI (778) wifi:new:<6,0>, old:<1,0>, ap:<255,255>, sta:<6,0>, prof:1, snd_ch_cfg:0x0[0m
[0;32mI (778) wifi:state: init -> auth (0xb0)[0m
[1;31mE (788) HTTP_CLIENT: Connection failed, sock < 0[0m
[0;32mI (868) wifi:state: auth -> init (0x1c0)[0m
[0;32mI (878) wifi:new:<6,0>, old:<6,0>, ap:<255,255>, sta:<6,0>, prof:1, snd_ch_cfg:0x0[0m
Wifi Disconnected 
Reason : 202 
Wifi Disconnected 
Reason : 205 
[0;32mI (3308) wifi:new:<6,0>, old:<6,0>, ap:<255,255>, sta:<6,0>, prof:1, snd_ch_cfg:0x0[0m
[0;32mI (3308) wifi:state: init -> auth (0xb0)[0m
[0;32mI (3328) wifi:state: auth -> assoc (0x0)[0m
[0;32mI (3388) wifi:state: assoc -> run (0x10)[0m
[0;32mI (3418) wifi:connected with Suraj, aid = 6, channel 6, BW20, bssid = b6:ac:e3:e0:7e:31[0m
[0;32mI (3418) wifi:security: WPA2-PSK, phy: bgn, rssi: -54[0m
[0;32mI (3428) wifi:pm start, type: 1[0m

[0;32mI (3428) wifi:dp: 1, bi: 102400, li: 3, scale listen interval from 307200 us to 307200 us[0m
[0;32mI (3448) wifi:dp: 2, bi: 102400, li: 4, scale listen interval from 307200 us to 409600 us[0m
[0;32mI (3448) wifi:AP's beacon interval = 102400 us, DTIM period = 2[0m
[0;32mI (3448) wifi:<ba-add>idx:0 (ifx:0, b6:ac:e3:e0:7e:31), tid:0, ssn:0, winSize:64[0m
[0;32mI (4478) esp_netif_handlers: sta ip: 10.176.91.177, mask: 255.255.255.0, gw: 10.176.91.225[0m
Connection succesful 
Got IP :10.176.91.177
ets Jul 29 2019 12:21:46

rst:0x1 (POWERON_RESET),boot:0x13 (SPI_FAST_FLASH_BOOT)
configsip: 0, SPIWP:0xee
clk_drv:0x00,q_drv:0x00,d_drv:0x00,cs0_drv:0x00,hd_drv:0x00,wp_drv:0x00
mode:DIO, clock div:2
load:0x3fff0030,len:6384
load:0x40078000,len:15916
load:0x40080400,len:3920
entry 0x40080644
[0;32mI (27) boot: ESP-IDF v5.5.2 2nd stage bootloader[0m
[0;32mI (27) boot: compile time Apr 24 2026 13:16:11[0m
[0;32mI (28) boot: Multicore bootloader[0m
[0;32mI (29) boot: chip revision: v3.1[0m
[0;32mI (32) boot.esp32: SPI Speed      : 40MHz[0m
[0;32mI (35) boot.esp32: SPI Mode       : DIO[0m
[0;32mI (39) boot.esp32: SPI Flash Size : 2MB[0m
[0;32mI (42) boot: Enabling RNG early entropy source...[0m
[0;32mI (47) boot: Partition Table:[0m
[0;32mI (49) boot: ## Label            Usage          Type ST Offset   Length[0m
[0;32mI (56) boot:  0 nvs              WiFi data        01 02 00009000 00006000[0m
[0;32mI (62) boot:  1 phy_init         RF data          01 01 0000f000 00001000[0m
[0;32mI (69) boot:  2 factory          factory app      00 00 00010000 00100000[0m
[0;32mI (75) boot: End of partition table[0m
[0;32mI (79) esp_image: segment 0: paddr=00010020 vaddr=3f400020 size=1e09ch (123036) map[0m
[0;32mI (128) esp_image: segment 1: paddr=0002e0c4 vaddr=3ffb0000 size=01f54h (  8020) load[0m
[0;32mI (131) esp_image: segment 2: paddr=00030020 vaddr=400d0020 size=9ca90h (641680) map[0m
[0;32mI (351) esp_image: segment 3: paddr=000ccab8 vaddr=3ffb1f54 size=01fd0h (  8144) load[0m
[0;32mI (355) esp_image: segment 4: paddr=000cea90 vaddr=40080000 size=17f9ch ( 98204) load[0m
[0;32mI (393) esp_image: segment 5: paddr=000e6a34 vaddr=50000000 size=00020h (    32) load[0m
[0;32mI (405) boot: Loaded app from partition at offset 0x10000[0m
[0;32mI (405) boot: Disabling RNG early entropy source...[0m
[0;32mI (416) cpu_start: Multicore app[0m
[0;32mI (424) cpu_start: GPIO 3 and 1 are used as console UART I/O pins[0m
[0;32mI (424) cpu_start: Pro cpu start user code[0m
[0;32mI (424) cpu_start: cpu freq: 160000000 Hz[0m
[0;32mI (426) app_init: Application information:[0m
[0;32mI (430) app_init: Project name:     cloud_upload[0m
[0;32mI (434) app_init: App version:      1[0m
[0;32mI (438) app_init: Compile time:     Apr 24 2026 13:10:53[0m
[0;32mI (443) app_init: ELF file SHA256:  bd716b787...[0m
[0;32mI (447) app_init: ESP-IDF:          v5.5.2[0m
[0;32mI (451) efuse_init: Min chip rev:     v0.0[0m
[0;32mI (455) efuse_init: Max chip rev:     v3.99 [0m
[0;32mI (459) efuse_init: Chip rev:         v3.1[0m
[0;32mI (463) heap_init: Initializing. RAM available for dynamic allocation:[0m
[0;32mI (469) heap_init: At 3FFAE6E0 len 00001920 (6 KiB): DRAM[0m
[0;32mI (474) heap_init: At 3FFB8840 len 000277C0 (157 KiB): DRAM[0m
[0;32mI (479) heap_init: At 3FFE0440 len 00003AE0 (14 KiB): D/IRAM[0m
[0;32mI (485) heap_init: At 3FFE4350 len 0001BCB0 (111 KiB): D/IRAM[0m
[0;32mI (490) heap_init: At 40097F9C len 00008064 (32 KiB): IRAM[0m
[0;33mW (497) spi_flash: Detected boya flash chip but using generic driver. For optimal functionality, enable `SPI_FLASH_SUPPORT_BOYA_CHIP` in menuconfig[0m
[0;32mI (508) spi_flash: detected chip: generic[0m
[0;32mI (512) spi_flash: flash io: dio[0m
[0;33mW (515) spi_flash: Detected size(4096k) larger than the size in the binary image header(2048k). Using the size in the binary image header.[0m
[0;32mI (528) main_task: Started on CPU0[0m
[0;32mI (538) main_task: Calling app_main()[0m
[0;32mI (568) wifi:wifi driver task: 3ffc0888, prio:23, stack:6656, core=0[0m
[0;32mI (578) wifi:wifi firmware version: ee91c8c[0m
[0;32mI (578) wifi:wifi certification version: v7.0[0m
[0;32mI (578) wifi:config NVS flash: enabled[0m
[0;32mI (578) wifi:config nano formatting: disabled[0m
[0;32mI (578) wifi:Init data frame dynamic rx buffer num: 32[0m
[0;32mI (588) wifi:Init static rx mgmt buffer num: 5[0m
[0;32mI (588) wifi:Init management short buffer num: 32[0m
[0;32mI (598) wifi:Init dynamic tx buffer num: 32[0m
[0;32mI (598) wifi:Init static rx buffer size: 1600[0m
[0;32mI (608) wifi:Init static rx buffer num: 10[0m
[0;32mI (608) wifi:Init dynamic rx buffer num: 32[0m
[0;32mI (608) wifi_init: rx ba win: 6[0m
[0;32mI (618) wifi_init: accept mbox: 6[0m
[0;32mI (618) wifi_init: tcpip mbox: 32[0m
[0;32mI (618) wifi_init: udp mbox: 6[0m
[0;32mI (628) wifi_init: tcp mbox: 6[0m
I (628) wifi_init: tcp tx win: 5760
[0;32mI (628) wifi_init: tcp rx win: 5760[0m
[0;32mI (628) wifi_init: tcp mss: 1440[0m
[0;32mI (638) wifi_init: WiFi IRAM OP enabled[0m
[0;32mI (638) wifi_init: WiFi RX IRAM OP enabled[0m
[0;33mW (648) wifi:Password length matches WPA2 standards, authmode threshold changes from OPEN to WPA2[0m
[0;32mI (648) phy_init: phy_version 4863,a3a4459,Oct 28 2025,14:30:06[0m
[0;32mI (738) wifi:mode : sta (f0:24:f9:0c:9c:fc)[0m
[0;32mI (738) wifi:enable tsf[0m
WIFI Started 
Temperature = 30.146521 C
[1;31mE (748) esp-tls: couldn't get hostname for :api.thingspeak.com: getaddrinfo() returns 202, addrinfo=0x0[0m
[1;31mE (748) transport_base: Failed to open a new connection: 32769[0m
[1;31mE (758) HTTP_CLIENT: Connection failed, sock < 0[0m
[0;32mI (758) wifi:new:<6,0>, old:<1,0>, ap:<255,255>, sta:<6,0>, prof:1, snd_ch_cfg:0x0[0m
[0;32mI (768) wifi:state: init -> auth (0xb0)[0m
[0;32mI (858) wifi:state: auth -> init (0x1c0)[0m
[0;32mI (868) wifi:new:<6,0>, old:<6,0>, ap:<255,255>, sta:<6,0>, prof:1, snd_ch_cfg:0x0[0m
Wifi Disconnected 
Reason : 202 
Wifi Disconnected 
Reason : 205 
[0;32mI (3298) wifi:new:<6,0>, old:<6,0>, ap:<255,255>, sta:<6,0>, prof:1, snd_ch_cfg:0x0[0m
[0;32mI (3298) wifi:state: init -> auth (0xb0)[0m
[0;32mI (3308) wifi:state: auth -> assoc (0x0)[0m
[0;32mI (3398) wifi:state: assoc -> run (0x10)[0m
[0;32mI (3438) wifi:connected with Suraj, aid = 7, channel 6, BW20, bssid = b6:ac:e3:e0:7e:31[0m
[0;32mI (3438) wifi:security: WPA2-PSK, phy: bgn, rssi: -54[0m
[0;32mI (3438) wifi:pm start, type: 1[0m

[0;32mI (3438) wifi:dp: 1, bi: 102400, li: 3, scale listen interval from 307200 us to 307200 us[0m
[0;32mI (3458) wifi:<ba-add>idx:0 (ifx:0, b6:ac:e3:e0:7e:31), tid:0, ssn:0, winSize:64[0m
[0;32mI (3468) wifi:dp: 2, bi: 102400, li: 4, scale listen interval from 307200 us to 409600 us[0m
[0;32mI (3468) wifi:AP's beacon interval = 102400 us, DTIM period = 2[0m
[0;32mI (4488) esp_netif_handlers: sta ip: 10.176.91.177, mask: 255.255.255.0, gw: 10.176.91.225[0m
Connection succesful 
Got IP :10.176.91.177
Temperature = 30.871794 C
Temperature = 31.919415 C
Temperature = 31.919415 C
Temperature = 31.919415 C
Temperature = 30.871794 C
Temperature = 30.630035 C
Temperature = 30.871794 C
Temperature = 31.032967 C
Temperature = 30.630035 C
