Command: c:\espressif\python_env\idf5.5_py3.11_env\Scripts\python.exe c:\esp\v5.5.2\esp-idf\tools/idf_monitor.py -p COM7 -b 115200 --toolchain-prefix xtensa-esp32-elf- --target esp32 --revision 0 C:\ESP32\Codes\ADC\build\ADC.elf C:\ESP32\Codes\ADC\build\bootloader\bootloader.elf --force-color -m 'c:\espressif\python_env\idf5.5_py3.11_env\Scripts\python.exe' 'c:\esp\v5.5.2\esp-idf\tools\idf.py'
ets Jul 29 2019 12:21:46

rst:0x1 (POWERON�ets Jul 29 2019 12:21:46

rst:0x1 (POWERON_RESET),boot:0x13 (SPI_FAST_FLASH_BOOT)
configsip: 0, SPIWP:0xee
clk_drv:0x00,q_drv:0x00,d_drv:0x00,cs0_drv:0x00,hd_drv:0x00,wp_drv:0x00
mode:DIO, clock div:2
load:0x3fff0030,len:6384
load:0x40078000,len:15916
load:0x40080400,len:3920
entry 0x40080644
[0;32mI (27) boot: ESP-IDF v5.5.2 2nd stage bootloader[0m
[0;32mI (27) boot: compile time Apr 21 2026 14:48:23[0m
[0;32mI (28) boot: Multicore bootloader[0m
[0;32mI (29) boot: chip revision: v3.1[0m
[0;32mI (32) boot.esp32: SPI Speed      : 40MHz[0m
[0;32mI (35) boot.esp32: SPI Mode       : DIO[0m
[0;32mI (39) boot.esp32: SPI Flash Size : 2MB[0m
[0;32mI (42) boot: Enabling RNG early entropy source...[0m
[0;32mI (47) boot: Partition Table:[0m
[0;32mI (49) boot: ## Label            Usage          Type ST Offset   Length[0m
[0;32mI (56) boot:  0 nvs              WiFi data        01 02 00009000 00006000[0m
[0;32mI (62) boot:  1 phy_init         RF data          01 01 0000f000 00001000[0m
[0;32mI (69) boot:  2 factory          factory app      00 00 00010000 00100000[0m
[0;32mI (75) boot: End of partition table[0m
[0;32mI (79) esp_image: segment 0: paddr=00010020 vaddr=3f400020 size=09e2ch ( 40492) map[0m
[0;32mI (100) esp_image: segment 1: paddr=00019e54 vaddr=3ffb0000 size=02400h (  9216) load[0m
[0;32mI (104) esp_image: segment 2: paddr=0001c25c vaddr=40080000 size=03dbch ( 15804) load[0m
[0;32mI (110) esp_image: segment 3: paddr=00020020 vaddr=400d0020 size=1055ch ( 66908) map[0m
[0;32mI (134) esp_image: segment 4: paddr=00030584 vaddr=40083dbc size=09200h ( 37376) load[0m
[0;32mI (149) esp_image: segment 5: paddr=0003978c vaddr=50000000 size=00020h (    32) load[0m
[0;32mI (156) boot: Loaded app from partition at offset 0x10000[0m
[0;32mI (156) boot: Disabling RNG early entropy source...[0m
[0;32mI (167) cpu_start: Multicore app[0m
[0;32mI (175) cpu_start: GPIO 3 and 1 are used as console UART I/O pins[0m
[0;32mI (176) cpu_start: Pro cpu start user code[0m
[0;32mI (176) cpu_start: cpu freq: 160000000 Hz[0m
[0;32mI (178) app_init: Application information:[0m
[0;32mI (181) app_init: Project name:     ADC[0m
[0;32mI (185) app_init: App version:      1[0m
[0;32mI (188) app_init: Compile time:     Apr 21 2026 14:48:01[0m
[0;32mI (193) app_init: ELF file SHA256:  2da684514...[0m
[0;32mI (198) app_init: ESP-IDF:          v5.5.2[0m
[0;32mI (202) efuse_init: Min chip rev:     v0.0[0m
[0;32mI (205) efuse_init: Max chip rev:     v3.99 [0m
[0;32mI (209) efuse_init: Chip rev:         v3.1[0m
[0;32mI (214) heap_init: Initializing. RAM available for dynamic allocation:[0m
[0;32mI (220) heap_init: At 3FFAE6E0 len 00001920 (6 KiB): DRAM[0m
[0;32mI (225) heap_init: At 3FFB2CE0 len 0002D320 (180 KiB): DRAM[0m
[0;32mI (230) heap_init: At 3FFE0440 len 00003AE0 (14 KiB): D/IRAM[0m
[0;32mI (235) heap_init: At 3FFE4350 len 0001BCB0 (111 KiB): D/IRAM[0m
[0;32mI (241) heap_init: At 4008CFBC len 00013044 (76 KiB): IRAM[0m
[0;33mW (247) spi_flash: Detected boya flash chip but using generic driver. For optimal functionality, enable `SPI_FLASH_SUPPORT_BOYA_CHIP` in menuconfig[0m
[0;32mI (259) spi_flash: detected chip: generic[0m
[0;32mI (263) spi_flash: flash io: dio[0m
[0;33mW (266) spi_flash: Detected size(4096k) larger than the size in the binary image header(2048k). Using the size in the binary image header.[0m
[0;32mI (278) main_task: Started on CPU0[0m
[0;32mI (288) main_task: Calling app_main()[0m
Guru Meditation Error: Core  0 panic'ed (Interrupt wdt timeout on CPU0). 

Core  0 register dump:
PC      : 0x400d8ec4  PS      : 0x00060334  A0      : 0x800d8fff  A1      : 0x3ffb3f00  
A2      : 0x00000001  A3      : 0x09896800  A4      : 0x3ffb3f20  A5      : 0x00060323  
A6      : 0x00000001  A7      : 0x0000cdcd  A8      : 0x3ff48800  A9      : 0x3ffb3ed0  
A10     : 0x00000000  A11     : 0xfbffffff  A12     : 0xffff0000  A13     : 0x00000000  
A14     : 0x00000000  A15     : 0x3ffaff10  SAR     : 0x0000001a  EXCCAUSE: 0x00000005  
EXCVADDR: 0x00000000  LBEG    : 0x4000c46c  LEND    : 0x4000c477  LCOUNT  : 0x00000000  


Backtrace: 0x400d8ec1:0x3ffb3f00 0x400d8ffc:0x3ffb3f20 0x400d87d1:0x3ffb3f50 0x400d613d:0x3ffb3f80 0x400dfe75:0x3ffb3fd0 0x40085cbd:0x3ffb4000


Core  1 register dump:
PC      : 0x40083ca2  PS      : 0x00060734  A0      : 0x800df8ca  A1      : 0x3ffb4bb0  
A2      : 0x00000000  A3      : 0x00000000  A4      : 0x3ffaf700  A5      : 0x3ffaf6e0  
A6      : 0x40081798  A7      : 0x00000001  A8      : 0x800d7a8a  A9      : 0x3ffb4b70  
A10     : 0x00000000  A11     : 0x00000000  A12     : 0x3ffaf6e0  A13     : 0x3ffaf6c0  
A14     : 0x00000001  A15     : 0x3ffafbc0  SAR     : 0x00000000  EXCCAUSE: 0x00000005  
EXCVADDR: 0x00000000  LBEG    : 0x00000000  LEND    : 0x00000000  LCOUNT  : 0x00000000  


Backtrace: 0x40083c9f:0x3ffb4bb0 0x400df8c7:0x3ffb4bd0 0x40086a6e:0x3ffb4bf0 0x40085cbd:0x3ffb4c10




ELF file SHA256: 2da684514

Rebooting...
ets Jul 29 2019 12:21:46

rst:0xc (SW_CPU_RESET),boot:0x13 (SPI_FAST_FLASH_BOOT)
configsip: 0, SPIWP:0xee
clk_drv:0x00,q_drv:0x00,d_drv:0x00,cs0_drv:0x00,hd_drv:0x00,wp_drv:0x00
mode:DIO, clock div:2
load:0x3fff0030,len:6384
load:0x40078000,len:15916
load:0x40080400,len:3920
entry 0x40080644
[0;32mI (27) boot: ESP-IDF v5.5.2 2nd stage bootloader[0m
[0;32mI (27) boot: compile time Apr 21 2026 14:48:23[0m
[0;32mI (27) boot: Multicore bootloader[0m
[0;32mI (29) boot: chip revision: v3.1[0m
[0;32mI (31) boot.esp32: SPI Speed      : 40MHz[0m
[0;32mI (35) boot.esp32: SPI Mode       : DIO[0m
[0;32mI (39) boot.esp32: SPI Flash Size : 2MB[0m
[0;32mI (42) boot: Enabling RNG early entropy source...[0m
[0;32mI (47) boot: Partition Table:[0m
[0;32mI (49) boot: ## Label            Usage          Type ST Offset   Length[0m
[0;32mI (56) boot:  0 nvs              WiFi data        01 02 00009000 00006000[0m
[0;32mI (62) boot:  1 phy_init         RF data          01 01 0000f000 00001000[0m
[0;32mI (69) boot:  2 factory          factory app      00 00 00010000 00100000[0m
[0;32mI (75) boot: End of partition table[0m
[0;32mI (79) esp_image: segment 0: paddr=00010020 vaddr=3f400020 size=09e2ch ( 40492) map[0m
[0;32mI (100) esp_image: segment 1: paddr=00019e54 vaddr=3ffb0000 size=02400h (  9216) load[0m
[0;32mI (104) esp_image: segment 2: paddr=0001c25c vaddr=40080000 size=03dbch ( 15804) load[0m
[0;32mI (110) esp_image: segment 3: paddr=00020020 vaddr=400d0020 size=1055ch ( 66908) map[0m
[0;32mI (134) esp_image: segment 4: paddr=00030584 vaddr=40083dbc size=09200h ( 37376) load[0m
[0;32mI (149) esp_image: segment 5: paddr=0003978c vaddr=50000000 size=00020h (    32) load[0m
[0;32mI (156) boot: Loaded app from partition at offset 0x10000[0m
[0;32mI (156) boot: Disabling RNG early entropy source...[0m
[0;32mI (167) cpu_start: Multicore app[0m
[0;32mI (175) cpu_start: GPIO 3 and 1 are used as console UART I/O pins[0m
[0;32mI (176) cpu_start: Pro cpu start user code[0m
[0;32mI (176) cpu_start: cpu freq: 160000000 Hz[0m
[0;32mI (177) app_init: Application information:[0m
[0;32mI (181) app_init: Project name:     ADC[0m
[0;32mI (185) app_init: App version:      1[0m
[0;32mI (188) app_init: Compile time:     Apr 21 2026 14:48:01[0m
[0;32mI (193) app_init: ELF file SHA256:  2da684514...[0m
[0;32mI (198) app_init: ESP-IDF:          v5.5.2[0m
[0;32mI (201) efuse_init: Min chip rev:     v0.0[0m
[0;32mI (205) efuse_init: Max chip rev:     v3.99 [0m
[0;32mI (209) efuse_init: Chip rev:         v3.1[0m
[0;32mI (213) heap_init: Initializing. RAM available for dynamic allocation:[0m
[0;32mI (219) heap_init: At 3FFAE6E0 len 00001920 (6 KiB): DRAM[0m
[0;32mI (224) heap_init: At 3FFB2CE0 len 0002D320 (180 KiB): DRAM[0m
[0;32mI (230) heap_init: At 3FFE0440 len 00003AE0 (14 KiB): D/IRAM[0m
[0;32mI (235) heap_init: At 3FFE4350 len 0001BCB0 (111 KiB): D/IRAM[0m
[0;32mI (241) heap_init: At 4008CFBC len 00013044 (76 KiB): IRAM[0m
[0;33mW (247) spi_flash: Detected boya flash chip but using generic driver. For optimal functionality, enable `SPI_FLASH_SUPPORT_BOYA_CHIP` in menuconfig[0m
[0;32mI (259) spi_flash: detected chip: generic[0m
[0;32mI (262) spi_flash: flash io: dio[0m
[0;33mW (265) spi_flash: Detected size(4096k) larger than the size in the binary image header(2048k). Using the size in the binary image header.[0m
[0;32mI (278) main_task: Started on CPU0[0m
[0;32mI (288) main_task: Calling app_main()[0m
Guru Meditation Error: Core  0 panic'ed (Interrupt wdt timeout on CPU0). 

Core  0 register dump:
PC      : 0x400d8ec4  PS      : 0x00060334  A0      : 0x800d8fff  A1      : 0x3ffb3f00  
A2      : 0x00000001  A3      : 0x09896800  A4      : 0x3ffb3f20  A5      : 0x00060323  
A6      : 0x00000001  A7      : 0x0000cdcd  A8      : 0x3ff48800  A9      : 0x3ffb3ed0  
A10     : 0x00000000  A11     : 0xfbffffff  A12     : 0xffff0000  A13     : 0x00000000  
A14     : 0x00000000  A15     : 0x3ffaff10  SAR     : 0x0000001a  EXCCAUSE: 0x00000005  
EXCVADDR: 0x00000000  LBEG    : 0x4000c46c  LEND    : 0x4000c477  LCOUNT  : 0x00000000  


Backtrace: 0x400d8ec1:0x3ffb3f00 0x400d8ffc:0x3ffb3f20 0x400d87d1:0x3ffb3f50 0x400d613d:0x3ffb3f80 0x400dfe75:0x3ffb3fd0 0x40085cbd:0x3ffb4000


Core  1 register dump:
PC      : 0x40083ca2  PS      : 0x00060734  A0      : 0x800df8ca  A1      : 0x3ffb4bb0  
A2      : 0x00000000  A3      : 0x00000000  A4      : 0x3ffaf700  A5      : 0x3ffaf6e0  
A6      : 0x40081798  A7      : 0x00000001  A8      : 0x800d7a8a  A9      : 0x3ffb4b70  
A10     : 0x00000000  A11     : 0x00000000  A12     : 0x3ffaf6e0  A13     : 0x3ffaf6c0  
A14     : 0x00000001  A15     : 0x3ffafbc0  SAR     : 0x00000000  EXCCAUSE: 0x00000005  
EXCVADDR: 0x00000000  LBEG    : 0x00000000  LEND    : 0x00000000  LCOUNT  : 0x00000000  


Backtrace: 0x40083c9f:0x3ffb4bb0 0x400df8c7:0x3ffb4bd0 0x40086a6e:0x3ffb4bf0 0x40085cbd:0x3ffb4c10




ELF file SHA256: 2da684514

Rebooting...
ets Jul 29 2019 12:21:46

rst:0xc (SW_CPU_RESET),boot:0x13 (SPI_FAST_FLASH_BOOT)
configsip: 0, SPIWP:0xee
clk_drv:0x00,q_drv:0x00,d_drv:0x00,cs0_drv:0x00,hd_drv:0x00,wp_drv:0x00
mode:DIO, clock div:2
load:0x3fff0030,len:6384
load:0x40078000,len:15916
load:0x40080400,len:3920
entry 0x40080644
[0;32mI (27) boot: ESP-IDF v5.5.2 2nd stage bootloader[0m
[0;32mI (27) boot: compile time Apr 21 2026 14:48:23[0m
[0;32mI (27) boot: Multicore bootloader[0m
[0;32mI (29) boot: chip revision: v3.1[0m
[0;32mI (31) boot.esp32: SPI Speed      : 40MHz[0m
[0;32mI (35) boot.esp32: SPI Mode       : DIO[0m
[0;32mI (39) boot.esp32: SPI Flash Size : 2MB[0m
[0;32mI (42) boot: Enabling RNG early entropy source...[0m
[0;32mI (47) boot: Partition Table:[0m
[0;32mI (49) boot: ## Label            Usage          Type ST Offset   Length[0m
[0;32mI (56) boot:  0 nvs              WiFi data        01 02 00009000 00006000[0m
[0;32mI (62) boot:  1 phy_init         RF data          01 01 0000f000 00001000[0m
[0;32mI (69) boot:  2 factory          factory app      00 00 00010000 00100000[0m
[0;32mI (75) boot: End of partition table[0m
[0;32mI (79) esp_image: segment 0: paddr=00010020 vaddr=3f400020 size=09e2ch ( 40492) map[0m
[0;32mI (100) esp_image: segment 1: paddr=00019e54 vaddr=3ffb0000 size=02400h (  9216) load[0m
[0;32mI (104) esp_image: segment 2: paddr=0001c25c vaddr=40080000 size=03dbch ( 15804) load[0m
[0;32mI (110) esp_image: segment 3: paddr=00020020 vaddr=400d0020 size=1055ch ( 66908) map[0m
[0;32mI (134) esp_image: segment 4: paddr=00030584 vaddr=40083dbc size=09200h ( 37376) load[0m
[0;32mI (149) esp_image: segment 5: paddr=0003978c vaddr=50000000 size=00020h (    32) load[0m
[0;32mI (156) boot: Loaded app from partition at offset 0x10000[0m
[0;32mI (156) boot: Disabling RNG early entropy source...[0m
[0;32mI (167) cpu_start: Multicore app[0m
[0;32mI (175) cpu_start: GPIO 3 and 1 are used as console UART I/O pins[0m
[0;32mI (176) cpu_start: Pro cpu start user code[0m
[0;32mI (176) cpu_start: cpu freq: 160000000 Hz[0m
[0;32mI (177) app_init: Application information:[0m
[0;32mI (181) app_init: Project name:     ADC[0m
[0;32mI (185) app_init: App version:      1[0m
[0;32mI (188) app_init: Compile time:     Apr 21 2026 14:48:01[0m
[0;32mI (193) app_init: ELF file SHA256:  2da684514...[0m
[0;32mI (198) app_init: ESP-IDF:          v5.5.2[0m
[0;32mI (201) efuse_init: Min chip rev:     v0.0[0m
[0;32mI (205) efuse_init: Max chip rev:     v3.99 [0m
[0;32mI (209) efuse_init: Chip rev:         v3.1[0m
[0;32mI (213) heap_init: Initializing. RAM available for dynamic allocation:[0m
[0;32mI (219) heap_init: At 3FFAE6E0 len 00001920 (6 KiB): DRAM[0m
[0;32mI (224) heap_init: At 3FFB2CE0 len 0002D320 (180 KiB): DRAM[0m
[0;32mI (230) heap_init: At 3FFE0440 len 00003AE0 (14 KiB): D/IRAM[0m
[0;32mI (235) heap_init: At 3FFE4350 len 0001BCB0 (111 KiB): D/IRAM[0m
[0;32mI (241) heap_init: At 4008CFBC len 00013044 (76 KiB): IRAM[0m
[0;33mW (247) spi_flash: Detected boya flash chip but using generic driver. For optimal functionality, enable `SPI_FLASH_SUPPORT_BOYA_CHIP` in menuconfig[0m
[0;32mI (259) spi_flash: detected chip: generic[0m
[0;32mI (262) spi_flash: flash io: dio[0m
[0;33mW (265) spi_flash: Detected size(4096k) larger than the size in the binary image header(2048k). Using the size in the binary image header.[0m
[0;32mI (278) main_task: Started on CPU0[0m
[0;32mI (288) main_task: Calling app_main()[0m
Guru Meditation Error: Core  0 panic'ed (Interrupt wdt timeout on CPU0). 

Core  0 register dump:
PC      : 0x400d8eef  PS      : 0x00060334  A0      : 0x800d8fff  A1      : 0x3ffb3f00  
A2      : 0x00000000  A3      : 0x09896800  A4      : 0x3ffb3f20  A5      : 0x00060323  
A6      : 0x00000001  A7      : 0x0000cdcd  A8      : 0x3ff48800  A9      : 0x3ffb3ed0  
A10     : 0x00000000  A11     : 0xfbffffff  A12     : 0xffff0000  A13     : 0x00000000  
A14     : 0x00000000  A15     : 0x3ffaff10  SAR     : 0x0000001a  EXCCAUSE: 0x00000005  
EXCVADDR: 0x00000000  LBEG    : 0x4000c46c  LEND    : 0x4000c477  LCOUNT  : 0x00000000  


Backtrace: 0x400d8eec:0x3ffb3f00 0x400d8ffc:0x3ffb3f20 0x400d87d1:0x3ffb3f50 0x400d613d:0x3ffb3f80 0x400dfe75:0x3ffb3fd0 0x40085cbd:0x3ffb4000


Core  1 register dump:
PC      : 0x40083ca2  PS      : 0x00060734  A0      : 0x800df8ca  A1      : 0x3ffb4bb0  
A2      : 0x00000000  A3      : 0x00000000  A4      : 0x3ffaf700  A5      : 0x3ffaf6e0  
A6      : 0x40081798  A7      : 0x00000001  A8      : 0x800d7a8a  A9      : 0x3ffb4b70  
A10     : 0x00000000  A11     : 0x00000000  A12     : 0x3ffaf6e0  A13     : 0x3ffaf6c0  
A14     : 0x00000001  A15     : 0x3ffafbc0  SAR     : 0x00000000  EXCCAUSE: 0x00000005  
EXCVADDR: 0x00000000  LBEG    : 0x00000000  LEND    : 0x00000000  LCOUNT  : 0x00000000  


Backtrace: 0x40083c9f:0x3ffb4bb0 0x400df8c7:0x3ffb4bd0 0x40086a6e:0x3ffb4bf0 0x40085cbd:0x3ffb4c10




ELF file SHA256: 2da684514

Rebooting...
ets Jul 29 2019 12:21:46

rst:0xc (SW_CPU_RESET),boot:0x13 (SPI_FAST_FLASH_BOOT)
configsip: 0, SPIWP:0xee
clk_drv:0x00,q_drv:0x00,d_drv:0x00,cs0_drv:0x00,hd_drv:0x00,wp_drv:0x00
mode:DIO, clock div:2
load:0x3fff0030,len:6384
load:0x40078000,len:15916
load:0x40080400,len:3920
entry 0x40080644
[0;32mI (27) boot: ESP-IDF v5.5.2 2nd stage bootloader[0m
[0;32mI (27) boot: compile time Apr 21 2026 14:48:23[0m
[0;32mI (27) boot: Multicore bootloader[0m
[0;32mI (29) boot: chip revision: v3.1[0m
[0;32mI (31) boot.esp32: SPI Speed      : 40MHz[0m
[0;32mI (35) boot.esp32: SPI Mode       : DIO[0m
[0;32mI (39) boot.esp32: SPI Flash Size : 2MB[0m
[0;32mI (42) boot: Enabling RNG early entropy source...[0m
[0;32mI (47) boot: Partition Table:[0m
[0;32mI (49) boot: ## Label            Usage          Type ST Offset   Length[0m
[0;32mI (56) boot:  0 nvs              WiFi data        01 02 00009000 00006000[0m
[0;32mI (62) boot:  1 phy_init         RF data          01 01 0000f000 00001000[0m
[0;32mI (69) boot:  2 factory          factory app      00 00 00010000 00100000[0m
[0;32mI (75) boot: End of partition table[0m
[0;32mI (79) esp_image: segment 0: paddr=00010020 vaddr=3f400020 size=09e2ch ( 40492) map[0m
[0;32mI (100) esp_image: segment 1: paddr=00019e54 vaddr=3ffb0000 size=02400h (  9216) load[0m
[0;32mI (104) esp_image: segment 2: paddr=0001c25c vaddr=40080000 size=03dbch ( 15804) load[0m
[0;32mI (110) esp_image: segment 3: paddr=00020020 vaddr=400d0020 size=1055ch ( 66908) map[0m
[0;32mI (134) esp_image: segment 4: paddr=00030584 vaddr=40083dbc size=09200h ( 37376) load[0m
[0;32mI (149) esp_image: segment 5: paddr=0003978c vaddr=50000000 size=00020h (    32) load[0m
[0;32mI (156) boot: Loaded app from partition at offset 0x10000[0m
[0;32mI (156) boot: Disabling RNG early entropy source...[0m
[0;32mI (167) cpu_start: Multicore app[0m
[0;32mI (175) cpu_start: GPIO 3 and 1 are used as console UART I/O pins[0m
[0;32mI (176) cpu_start: Pro cpu start user code[0m
[0;32mI (176) cpu_start: cpu freq: 160000000 Hz[0m
[0;32mI (177) app_init: Application information:[0m
[0;32mI (181) app_init: Project name:     ADC[0m
[0;32mI (185) app_init: App version:      1[0m
[0;32mI (188) app_init: Compile time:     Apr 21 2026 14:48:01[0m
[0;32mI (193) app_init: ELF file SHA256:  2da684514...[0m
[0;32mI (198) app_init: ESP-IDF:          v5.5.2[0m
[0;32mI (201) efuse_init: Min chip rev:     v0.0[0m
[0;32mI (205) efuse_init: Max chip rev:     v3.99 [0m
[0;32mI (209) efuse_init: Chip rev:         v3.1[0m
[0;32mI (213) heap_init: Initializing. RAM available for dynamic allocation:[0m
[0;32mI (219) heap_init: At 3FFAE6E0 len 00001920 (6 KiB): DRAM[0m
[0;32mI (224) heap_init: At 3FFB2CE0 len 0002D320 (180 KiB): DRAM[0m
[0;32mI (230) heap_init: At 3FFE0440 len 00003AE0 (14 KiB): D/IRAM[0m
[0;32mI (235) heap_init: At 3FFE4350 len 0001BCB0 (111 KiB): D/IRAM[0m
[0;32mI (241) heap_init: At 4008CFBC len 00013044 (76 KiB): IRAM[0m
[0;33mW (247) spi_flash: Detected boya flash chip but using generic driver. For optimal functionality, enable `SPI_FLASH_SUPPORT_BOYA_CHIP` in menuconfig[0m
[0;32mI (259) spi_flash: detected chip: generic[0m
[0;32mI (262) spi_flash: flash io: dio[0m
[0;33mW (265) spi_flash: Detected size(4096k) larger than the size in the binary image header(2048k). Using the size in the binary image header.[0m
[0;32mI (278) main_task: Started on CPU0[0m
[0;32mI (288) main_task: Calling app_main()[0m
Guru Meditation Error: Core  0 panic'ed (Interrupt wdt timeout on CPU0). 

Core  0 register dump:
PC      : 0x400d8ec4  PS      : 0x00060334  A0      : 0x800d8fff  A1      : 0x3ffb3f00  
A2      : 0x00000001  A3      : 0x09896800  A4      : 0x3ffb3f20  A5      : 0x00060323  
A6      : 0x00000001  A7      : 0x0000cdcd  A8      : 0x3ff48800  A9      : 0x3ffb3ed0  
A10     : 0x00000000  A11     : 0xfbffffff  A12     : 0xffff0000  A13     : 0x00000000  
A14     : 0x00000000  A15     : 0x3ffaff10  SAR     : 0x0000001a  EXCCAUSE: 0x00000005  
EXCVADDR: 0x00000000  LBEG    : 0x4000c46c  LEND    : 0x4000c477  LCOUNT  : 0x00000000  


Backtrace: 0x400d8ec1:0x3ffb3f00 0x400d8ffc:0x3ffb3f20 0x400d87d1:0x3ffb3f50 0x400d613d:0x3ffb3f80 0x400dfe75:0x3ffb3fd0 0x40085cbd:0x3ffb4000


Core  1 register dump:
PC      : 0x40083ca2  PS      : 0x00060734  A0      : 0x800df8ca  A1      : 0x3ffb4bb0  
A2      : 0x00000000  A3      : 0x00000000  A4      : 0x3ffaf700  A5      : 0x3ffaf6e0  
A6      : 0x40081798  A7      : 0x00000001  A8      : 0x800d7a8a  A9      : 0x3ffb4b70  
A10     : 0x00000000  A11     : 0x00000000  A12     : 0x3ffaf6e0  A13     : 0x3ffaf6c0  
A14     : 0x00000001  A15     : 0x3ffafbc0  SAR     : 0x00000000  EXCCAUSE: 0x00000005  
EXCVADDR: 0x00000000  LBEG    : 0x00000000  LEND    : 0x00000000  LCOUNT  : 0x00000000  


Backtrace: 0x40083c9f:0x3ffb4bb0 0x400df8c7:0x3ffb4bd0 0x40086a6e:0x3ffb4bf0 0x40085cbd:0x3ffb4c10




ELF file SHA256: 2da684514

Rebooting...
ets Jul 29 2019 12:21:46

rst:0xc (SW_CPU_RESET),boot:0x13 (SPI_FAST_FLASH_BOOT)
configsip: 0, SPIWP:0xee
clk_drv:0x00,q_drv:0x00,d_drv:0x00,cs0_drv:0x00,hd_drv:0x00,wp_drv:0x00
mode:DIO, clock div:2
load:0x3fff0030,len:6384
load:0x40078000,len:15916
load:0x40080400,len:3920
entry 0x40080644
[0;32mI (27) boot: ESP-IDF v5.5.2 2nd stage bootloader[0m
[0;32mI (27) boot: compile time Apr 21 2026 14:48:23[0m
[0;32mI (27) boot: Multicore bootloader[0m
[0;32mI (29) boot: chip revision: v3.1[0m
[0;32mI (31) boot.esp32: SPI Speed      : 40MHz[0m
[0;32mI (35) boot.esp32: SPI Mode       : DIO[0m
[0;32mI (39) boot.esp32: SPI Flash Size : 2MB[0m
[0;32mI (42) boot: Enabling RNG early entropy source...[0m
[0;32mI (47) boot: Partition Table:[0m
[0;32mI (49) boot: ## Label            Usage          Type ST Offset   Length[0m
[0;32mI (56) boot:  0 nvs              WiFi data        01 02 00009000 00006000[0m
[0;32mI (62) boot:  1 phy_init         RF data          01 01 0000f000 00001000[0m
[0;32mI (69) boot:  2 factory          factory app      00 00 00010000 00100000[0m
[0;32mI (75) boot: End of partition table[0m
[0;32mI (79) esp_image: segment 0: paddr=00010020 vaddr=3f400020 size=09e2ch ( 40492) map[0m
[0;32mI (100) esp_image: segment 1: paddr=00019e54 vaddr=3ffb0000 size=02400h (  9216) load[0m
[0;32mI (104) esp_image: segment 2: paddr=0001c25c vaddr=40080000 size=03dbch ( 15804) load[0m
[0;32mI (110) esp_image: segment 3: paddr=00020020 vaddr=400d0020 size=1055ch ( 66908) map[0m
[0;32mI (134) esp_image: segment 4: paddr=00030584 vaddr=40083dbc size=09200h ( 37376) load[0m
[0;32mI (149) esp_image: segment 5: paddr=0003978c vaddr=50000000 size=00020h (    32) load[0m
[0;32mI (156) boot: Loaded app from partition at offset 0x10000[0m
[0;32mI (156) boot: Disabling RNG early entropy source...[0m
[0;32mI (167) cpu_start: Multicore app[0m
[0;32mI (175) cpu_start: GPIO 3 and 1 are used as console UART I/O pins[0m
[0;32mI (176) cpu_start: Pro cpu start user code[0m
[0;32mI (176) cpu_start: cpu freq: 160000000 Hz[0m
[0;32mI (177) app_init: Application information:[0m
[0;32mI (181) app_init: Project name:     ADC[0m
[0;32mI (185) app_init: App version:      1[0m
[0;32mI (188) app_init: Compile time:     Apr 21 2026 14:48:01[0m
[0;32mI (193) app_init: ELF file SHA256:  2da684514...[0m
[0;32mI (198) app_init: ESP-IDF:          v5.5.2[0m
[0;32mI (201) efuse_init: Min chip rev:     v0.0[0m
[0;32mI (205) efuse_init: Max chip rev:     v3.99 [0m
[0;32mI (209) efuse_init: Chip rev:         v3.1[0m
[0;32mI (213) heap_init: Initializing. RAM available for dynamic allocation:[0m
[0;32mI (219) heap_init: At 3FFAE6E0 len 00001920 (6 KiB): DRAM[0m
[0;32mI (224) heap_init: At 3FFB2CE0 len 0002D320 (180 KiB): DRAM[0m
[0;32mI (230) heap_init: At 3FFE0440 len 00003AE0 (14 KiB): D/IRAM[0m
[0;32mI (235) heap_init: At 3FFE4350 len 0001BCB0 (111 KiB): D/IRAM[0m
[0;32mI (241) heap_init: At 4008CFBC len 00013044 (76 KiB): IRAM[0m
[0;33mW (247) spi_flash: Detected boya flash chip but using generic driver. For optimal functionality, enable `SPI_FLASH_SUPPORT_BOYA_CHIP` in menuconfig[0m
[0;32mI (259) spi_flash: detected chip: generic[0m
[0;32mI (262) spi_flash: flash io: dio[0m
[0;33mW (265) spi_flash: Detected size(4096k) larger than the size in the binary image header(2048k). Using the size in the binary image header.[0m
[0;32mI (278) main_task: Started on CPU0[0m
[0;32mI (288) main_task: Calling app_main()[0m
Guru Meditation Error: Core  0 panic'ed (Interrupt wdt timeout on CPU0). 

Core  0 register dump:
PC      : 0x400d8ec4  PS      : 0x00060334  A0      : 0x800d8fff  A1      : 0x3ffb3f00  
A2      : 0x00000001  A3      : 0x09896800  A4      : 0x3ffb3f20  A5      : 0x00060323  
A6      : 0x00000001  A7      : 0x0000cdcd  A8      : 0x3ff48800  A9      : 0x3ffb3ed0  
A10     : 0x00000000  A11     : 0xfbffffff  A12     : 0xffff0000  A13     : 0x00000000  
A14     : 0x00000000  A15     : 0x3ffaff10  SAR     : 0x0000001a  EXCCAUSE: 0x00000005  
EXCVADDR: 0x00000000  LBEG    : 0x4000c46c  LEND    : 0x4000c477  LCOUNT  : 0x00000000  


Backtrace: 0x400d8ec1:0x3ffb3f00 0x400d8ffc:0x3ffb3f20 0x400d87d1:0x3ffb3f50 0x400d613d:0x3ffb3f80 0x400dfe75:0x3ffb3fd0 0x40085cbd:0x3ffb4000


Core  1 register dump:
PC      : 0x40083ca2  PS      : 0x00060734  A0      : 0x800df8ca  A1      : 0x3ffb4bb0  
A2      : 0x00000000  A3      : 0x00000000  A4      : 0x3ffaf700  A5      : 0x3ffaf6e0  
A6      : 0x40081798  A7      : 0x00000001  A8      : 0x800d7a8a  A9      : 0x3ffb4b70  
A10     : 0x00000000  A11     : 0x00000000  A12     : 0x3ffaf6e0  A13     : 0x3ffaf6c0  
A14     : 0x00000001  A15     : 0x3ffafbc0  SAR     : 0x00000000  EXCCAUSE: 0x00000005  
EXCVADDR: 0x00000000  LBEG    : 0x00000000  LEND    : 0x00000000  LCOUNT  : 0x00000000  


Backtrace: 0x40083c9f:0x3ffb4bb0 0x400df8c7:0x3ffb4bd0 0x40086a6e:0x3ffb4bf0 0x40085cbd:0x3ffb4c10




ELF file SHA256: 2da684514

Rebooting...
ets Jul 29 2019 12:21:46

rst:0xc (SW_CPU_RESET),boot:0x13 (SPI_FAST_FLASH_BOOT)
configsip: 0, SPIWP:0xee
clk_drv:0x00,q_drv:0x00,d_drv:0x00,cs0_drv:0x00,hd_drv:0x00,wp_drv:0x00
mode:DIO, clock div:2
load:0x3fff0030,len:6384
load:0x40078000,len:15916
load:0x40080400,len:3920
entry 0x40080644
[0;32mI (27) boot: ESP-IDF v5.5.2 2nd stage bootloader[0m
[0;32mI (27) boot: compile time Apr 21 2026 14:48:23[0m
[0;32mI (27) boot: Multicore bootloader[0m
[0;32mI (29) boot: chip revision: v3.1[0m
[0;32mI (31) boot.esp32: SPI Speed      : 40MHz[0m
[0;32mI (35) boot.esp32: SPI Mode       : DIO[0m
[0;32mI (39) boot.esp32: SPI Flash Size : 2MB[0m
[0;32mI (42) boot: Enabling RNG early entropy source...[0m
[0;32mI (47) boot: Partition Table:[0m
[0;32mI (49) boot: ## Label            Usage          Type ST Offset   Length[0m
[0;32mI (56) boot:  0 nvs              WiFi data        01 02 00009000 00006000[0m
[0;32mI (62) boot:  1 phy_init         RF data          01 01 0000f000 00001000[0m
[0;32mI (69) boot:  2 factory          factory app      00 00 00010000 00100000[0m
[0;32mI (75) boot: End of partition table[0m
[0;32mI (79) esp_image: segment 0: paddr=00010020 vaddr=3f400020 size=09e2ch ( 40492) map[0m
[0;32mI (100) esp_image: segment 1: paddr=00019e54 vaddr=3ffb0000 size=02400h (  9216) load[0m
[0;32mI (104) esp_image: segment 2: paddr=0001c25c vaddr=40080000 size=03dbch ( 15804) load[0m
[0;32mI (110) esp_image: segment 3: paddr=00020020 vaddr=400d0020 size=1055ch ( 66908) map[0m
[0;32mI (134) esp_image: segment 4: paddr=00030584 vaddr=40083dbc size=09200h ( 37376) load[0m
[0;32mI (149) esp_image: segment 5: paddr=0003978c vaddr=50000000 size=00020h (    32) load[0m
[0;32mI (156) boot: Loaded app from partition at offset 0x10000[0m
[0;32mI (156) boot: Disabling RNG early entropy source...[0m
[0;32mI (167) cpu_start: Multicore app[0m
[0;32mI (175) cpu_start: GPIO 3 and 1 are used as console UART I/O pins[0m
[0;32mI (176) cpu_start: Pro cpu start user code[0m
[0;32mI (176) cpu_start: cpu freq: 160000000 Hz[0m
[0;32mI (177) app_init: Application information:[0m
[0;32mI (181) app_init: Project name:     ADC[0m
[0;32mI (185) app_init: App version:      1[0m
[0;32mI (188) app_init: Compile time:     Apr 21 2026 14:48:01[0m
[0;32mI (193) app_init: ELF file SHA256:  2da684514...[0m
[0;32mI (198) app_init: ESP-IDF:          v5.5.2[0m
[0;32mI (201) efuse_init: Min chip rev:     v0.0[0m
[0;32mI (205) efuse_init: Max chip rev:     v3.99 [0m
[0;32mI (209) efuse_init: Chip rev:         v3.1[0m
[0;32mI (213) heap_init: Initializing. RAM available for dynamic allocation:[0m
[0;32mI (219) heap_init: At 3FFAE6E0 len 00001920 (6 KiB): DRAM[0m
[0;32mI (224) heap_init: At 3FFB2CE0 len 0002D320 (180 KiB): DRAM[0m
[0;32mI (230) heap_init: At 3FFE0440 len 00003AE0 (14 KiB): D/IRAM[0m
[0;32mI (235) heap_init: At 3FFE4350 len 0001BCB0 (111 KiB): D/IRAM[0m
[0;32mI (241) heap_init: At 4008CFBC len 00013044 (76 KiB): IRAM[0m
[0;33mW (247) spi_flash: Detected boya flash chip but using generic driver. For optimal functionality, enable `SPI_FLASH_SUPPORT_BOYA_CHIP` in menuconfig[0m
[0;32mI (259) spi_flash: detected chip: generic[0m
[0;32mI (262) spi_flash: flash io: dio[0m
[0;33mW (265) spi_flash: Detected size(4096k) larger than the size in the binary image header(2048k). Using the size in the binary image header.[0m
[0;32mI (278) main_task: Started on CPU0[0m
[0;32mI (288) main_task: Calling app_main()[0m
Guru Meditation Error: Core  0 panic'ed (Interrupt wdt timeout on CPU0). 

Core  0 register dump:
PC      : 0x400d8ec4  PS      : 0x00060334  A0      : 0x800d8fff  A1      : 0x3ffb3f00  
A2      : 0x00000001  A3      : 0x09896800  A4      : 0x3ffb3f20  A5      : 0x00060323  
A6      : 0x00000001  A7      : 0x0000cdcd  A8      : 0x3ff48800  A9      : 0x3ffb3ed0  
A10     : 0x00000000  A11     : 0xfbffffff  A12     : 0xffff0000  A13     : 0x00000000  
A14     : 0x00000000  A15     : 0x3ffaff10  SAR     : 0x0000001a  EXCCAUSE: 0x00000005  
EXCVADDR: 0x00000000  LBEG    : 0x4000c46c  LEND    : 0x4000c477  LCOUNT  : 0x00000000  


Backtrace: 0x400d8ec1:0x3ffb3f00 0x400d8ffc:0x3ffb3f20 0x400d87d1:0x3ffb3f50 0x400d613d:0x3ffb3f80 0x400dfe75:0x3ffb3fd0 0x40085cbd:0x3ffb4000


Core  1 register dump:
PC      : 0x40083ca2  PS      : 0x00060734  A0      : 0x800df8ca  A1      : 0x3ffb4bb0  
A2      : 0x00000000  A3      : 0x00000000  A4      : 0x3ffaf700  A5      : 0x3ffaf6e0  
A6      : 0x40081798  A7      : 0x00000001  A8      : 0x800d7a8a  A9      : 0x3ffb4b70  
A10     : 0x00000000  A11     : 0x00000000  A12     : 0x3ffaf6e0  A13     : 0x3ffaf6c0  
A14     : 0x00000001  A15     : 0x3ffafbc0  SAR     : 0x00000000  EXCCAUSE: 0x00000005  
EXCVADDR: 0x00000000  LBEG    : 0x00000000  LEND    : 0x00000000  LCOUNT  : 0x00000000  


Backtrace: 0x40083c9f:0x3ffb4bb0 0x400df8c7:0x3ffb4bd0 0x40086a6e:0x3ffb4bf0 0x40085cbd:0x3ffb4c10




ELF file SHA256: 2da684514

Rebooting...
ets Jul 29 2019 12:21:46

rst:0xc (SW_CPU_RESET),boot:0x13 (SPI_FAST_FLASH_BOOT)
configsip: 0, SPIWP:0xee
clk_drv:0x00,q_drv:0x00,d_drv:0x00,cs0_drv:0x00,hd_drv:0x00,wp_drv:0x00
mode:DIO, clock div:2
load:0x3fff0030,len:6384
load:0x40078000,len:15916
load:0x40080400,len:3920
entry 0x40080644
[0;32mI (27) boot: ESP-IDF v5.5.2 2nd stage bootloader[0m
[0;32mI (27) boot: compile time Apr 21 2026 14:48:23[0m
[0;32mI (27) boot: Multicore bootloader[0m
[0;32mI (29) boot: chip revision: v3.1[0m
[0;32mI (31) boot.esp32: SPI Speed      : 40MHz[0m
[0;32mI (35) boot.esp32: SPI Mode       : DIO[0m
[0;32mI (39) boot.esp32: SPI Flash Size : 2MB[0m
[0;32mI (42) boot: Enabling RNG early entropy source...[0m
[0;32mI (47) boot: Partition Table:[0m
[0;32mI (49) boot: ## Label            Usage          Type ST Offset   Length[0m
[0;32mI (56) boot:  0 nvs              WiFi data        01 02 00009000 00006000[0m
[0;32mI (62) boot:  1 phy_init         RF data          01 01 0000f000 00001000[0m
[0;32mI (69) boot:  2 factory          factory app      00 00 00010000 00100000[0m
[0;32mI (75) boot: End of partition table[0m
[0;32mI (79) esp_image: segment 0: paddr=00010020 vaddr=3f400020 size=09e2ch ( 40492) map[0m
[0;32mI (100) esp_image: segment 1: paddr=00019e54 vaddr=3ffb0000 size=02400h (  9216) load[0m
[0;32mI (104) esp_image: segment 2: paddr=0001c25c vaddr=40080000 size=03dbch ( 15804) load[0m
[0;32mI (110) esp_image: segment 3: paddr=00020020 vaddr=400d0020 size=1055ch ( 66908) map[0m
[0;32mI (134) esp_image: segment 4: paddr=00030584 vaddr=40083dbc size=09200h ( 37376) load[0m
[0;32mI (149) esp_image: segment 5: paddr=0003978c vaddr=50000000 size=00020h (    32) load[0m
[0;32mI (156) boot: Loaded app from partition at offset 0x10000[0m
[0;32mI (156) boot: Disabling RNG early entropy source...[0m
[0;32mI (167) cpu_start: Multicore app[0m
[0;32mI (175) cpu_start: GPIO 3 and 1 are used as console UART I/O pins[0m
[0;32mI (176) cpu_start: Pro cpu start user code[0m
[0;32mI (176) cpu_start: cpu freq: 160000000 Hz[0m
[0;32mI (177) app_init: Application information:[0m
[0;32mI (181) app_init: Project name:     ADC[0m
[0;32mI (185) app_init: App version:      1[0m
[0;32mI (188) app_init: Compile time:     Apr 21 2026 14:48:01[0m
[0;32mI (193) app_init: ELF file SHA256:  2da684514...[0m
[0;32mI (198) app_init: ESP-IDF:          v5.5.2[0m
[0;32mI (201) efuse_init: Min chip rev:     v0.0[0m
[0;32mI (205) efuse_init: Max chip rev:     v3.99 [0m
[0;32mI (209) efuse_init: Chip rev:         v3.1[0m
[0;32mI (213) heap_init: Initializing. RAM available for dynamic allocation:[0m
[0;32mI (219) heap_init: At 3FFAE6E0 len 00001920 (6 KiB): DRAM[0m
[0;32mI (224) heap_init: At 3FFB2CE0 len 0002D320 (180 KiB): DRAM[0m
[0;32mI (230) heap_init: At 3FFE0440 len 00003AE0 (14 KiB): D/IRAM[0m
[0;32mI (235) heap_init: At 3FFE4350 len 0001BCB0 (111 KiB): D/IRAM[0m
[0;32mI (241) heap_init: At 4008CFBC len 00013044 (76 KiB): IRAM[0m
[0;33mW (247) spi_flash: Detected boya flash chip but using generic driver. For optimal functionality, enable `SPI_FLASH_SUPPORT_BOYA_CHIP` in menuconfig[0m
[0;32mI (259) spi_flash: detected chip: generic[0m
[0;32mI (262) spi_flash: flash io: dio[0m
[0;33mW (265) spi_flash: Detected size(4096k) larger than the size in the binary image header(2048k). Using the size in the binary image header.[0m
[0;32mI (278) main_task: Started on CPU0[0m
[0;32mI (288) main_task: Calling app_main()[0m
Guru Meditation Error: Core  0 panic'ed (Interrupt wdt timeout on CPU0). 

Core  0 register dump:
PC      : 0x400d8eb8  PS      : 0x00060334  A0      : 0x800d87d4  A1      : 0x3ffb3f20  
A2      : 0x3ffafe40  A3      : 0x3ffb3f98  A4      : 0x3ffafe70  A5      : 0x00060323  
A6      : 0x3ffafe70  A7      : 0x00000001  A8      : 0x800d8fff  A9      : 0x3ffb3f00  
A10     : 0x00000001  A11     : 0x09896800  A12     : 0x3ffb3f20  A13     : 0x00060323  
A14     : 0x00000001  A15     : 0x0000cdcd  SAR     : 0x0000001a  EXCCAUSE: 0x00000005  
EXCVADDR: 0x00000000  LBEG    : 0x4000c46c  LEND    : 0x4000c477  LCOUNT  : 0x00000000  


Backtrace: 0x400d8eb5:0x3ffb3f20 0x400d87d1:0x3ffb3f50 0x400d613d:0x3ffb3f80 0x400dfe75:0x3ffb3fd0 0x40085cbd:0x3ffb4000


Core  1 register dump:
PC      : 0x40083ca2  PS      : 0x00060734  A0      : 0x800df8ca  A1      : 0x3ffb4bb0  
A2      : 0x00000000  A3      : 0x00000000  A4      : 0x3ffaf700  A5      : 0x3ffaf6e0  
A6      : 0x40081798  A7      : 0x00000001  A8      : 0x800d7a8a  A9      : 0x3ffb4b70  
A10     : 0x00000000  A11     : 0x00000000  A12     : 0x3ffaf6e0  A13     : 0x3ffaf6c0  
A14     : 0x00000001  A15     : 0x3ffafbc0  SAR     : 0x00000000  EXCCAUSE: 0x00000005  
EXCVADDR: 0x00000000  LBEG    : 0x00000000  LEND    : 0x00000000  LCOUNT  : 0x00000000  


Backtrace: 0x40083c9f:0x3ffb4bb0 0x400df8c7:0x3ffb4bd0 0x40086a6e:0x3ffb4bf0 0x40085cbd:0x3ffb4c10




ELF file SHA256: 2da684514

Rebooting...
ets Jul 29 2019 12:21:46

rst:0xc (SW_CPU_RESET),boot:0x13 (SPI_FAST_FLASH_BOOT)
configsip: 0, SPIWP:0xee
clk_drv:0x00,q_drv:0x00,d_drv:0x00,cs0_drv:0x00,hd_drv:0x00,wp_drv:0x00
mode:DIO, clock div:2
load:0x3fff0030,len:6384
load:0x40078000,len:15916
load:0x40080400,len:3920
entry 0x40080644
[0;32mI (27) boot: ESP-IDF v5.5.2 2nd stage bootloader[0m
[0;32mI (27) boot: compile time Apr 21 2026 14:48:23[0m
[0;32mI (27) boot: Multicore bootloader[0m
[0;32mI (29) boot: chip revision: v3.1[0m
[0;32mI (31) boot.esp32: SPI Speed      : 40MHz[0m
[0;32mI (35) boot.esp32: SPI Mode       : DIO[0m
[0;32mI (39) boot.esp32: SPI Flash Size : 2MB[0m
[0;32mI (42) boot: Enabling RNG early entropy source...[0m
[0;32mI (47) boot: Partition Table:[0m
[0;32mI (49) boot: ## Label            Usage          Type ST Offset   Length[0m
[0;32mI (56) boot:  0 nvs              WiFi data        01 02 00009000 00006000[0m
[0;32mI (62) boot:  1 phy_init         RF data          01 01 0000f000 00001000[0m
[0;32mI (69) boot:  2 factory          factory app      00 00 00010000 00100000[0m
[0;32mI (75) boot: End of partition table[0m
[0;32mI (79) esp_image: segment 0: paddr=00010020 vaddr=3f400020 size=09e2ch ( 40492) map[0m
[0;32mI (100) esp_image: segment 1: paddr=00019e54 vaddr=3ffb0000 size=02400h (  9216) load[0m
[0;32mI (104) esp_image: segment 2: paddr=0001c25c vaddr=40080000 size=03dbch ( 15804) load[0m
[0;32mI (110) esp_image: segment 3: paddr=00020020 vaddr=400d0020 size=1055ch ( 66908) map[0m
[0;32mI (134) esp_image: segment 4: paddr=00030584 vaddr=40083dbc size=09200h ( 37376) load[0m
[0;32mI (149) esp_image: segment 5: paddr=0003978c vaddr=50000000 size=00020h (    32) load[0m
[0;32mI (156) boot: Loaded app from partition at offset 0x10000[0m
[0;32mI (156) boot: Disabling RNG early entropy source...[0m
[0;32mI (167) cpu_start: Multicore app[0m
[0;32mI (175) cpu_start: GPIO 3 and 1 are used as console UART I/O pins[0m
[0;32mI (176) cpu_start: Pro cpu start user code[0m
[0;32mI (176) cpu_start: cpu freq: 160000000 Hz[0m
[0;32mI (177) app_init: Application information:[0m
[0;32mI (181) app_init: Project name:     ADC[0m
[0;32mI (185) app_init: App version:      1[0m
[0;32mI (188) app_init: Compile time:     Apr 21 2026 14:48:01[0m
[0;32mI (193) app_init: ELF file SHA256:  2da684514...[0m
[0;32mI (198) app_init: ESP-IDF:          v5.5.2[0m
[0;32mI (201) efuse_init: Min chip rev:     v0.0[0m
[0;32mI (205) efuse_init: Max chip rev:     v3.99 [0m
[0;32mI (209) efuse_init: Chip rev:         v3.1[0m
[0;32mI (213) heap_init: Initializing. RAM available for dynamic allocation:[0m
[0;32mI (219) heap_init: At 3FFAE6E0 len 00001920 (6 KiB): DRAM[0m
[0;32mI (224) heap_init: At 3FFB2CE0 len 0002D320 (180 KiB): DRAM[0m
[0;32mI (230) heap_init: At 3FFE0440 len 00003AE0 (14 KiB): D/IRAM[0m
[0;32mI (235) heap_init: At 3FFE4350 len 0001BCB0 (111 KiB): D/IRAM[0m
[0;32mI (241) heap_init: At 4008CFBC len 00013044 (76 KiB): IRAM[0m
[0;33mW (247) spi_flash: Detected boya flash chip but using generic driver. For optimal functionality, enable `SPI_FLASH_SUPPORT_BOYA_CHIP` in menuconfig[0m
[0;32mI (259) spi_flash: detected chip: generic[0m
[0;32mI (262) spi_flash: flash io: dio[0m
[0;33mW (265) spi_flash: Detected size(4096k) larger than the size in the binary image header(2048k). Using the size in the binary image header.[0m
[0;32mI (278) main_task: Started on CPU0[0m
[0;32mI (288) main_task: Calling app_main()[0m
Guru Meditation Error: Core  0 panic'ed (Interrupt wdt timeout on CPU0). 

Core  0 register dump:
PC      : 0x400d8ec4  PS      : 0x00060334  A0      : 0x800d8fff  A1      : 0x3ffb3f00  
A2      : 0x00000001  A3      : 0x09896800  A4      : 0x3ffb3f20  A5      : 0x00060323  
A6      : 0x00000001  A7      : 0x0000cdcd  A8      : 0x3ff48800  A9      : 0x3ffb3ed0  
A10     : 0x00000000  A11     : 0xfbffffff  A12     : 0xffff0000  A13     : 0x00000000  
A14     : 0x00000000  A15     : 0x3ffaff10  SAR     : 0x0000001a  EXCCAUSE: 0x00000005  
EXCVADDR: 0x00000000  LBEG    : 0x4000c46c  LEND    : 0x4000c477  LCOUNT  : 0x00000000  


Backtrace: 0x400d8ec1:0x3ffb3f00 0x400d8ffc:0x3ffb3f20 0x400d87d1:0x3ffb3f50 0x400d613d:0x3ffb3f80 0x400dfe75:0x3ffb3fd0 0x40085cbd:0x3ffb4000


Core  1 register dump:
PC      : 0x40083ca2  PS      : 0x00060734  A0      : 0x800df8ca  A1      : 0x3ffb4bb0  
A2      : 0x00000000  A3      : 0x00000000  A4      : 0x3ffaf700  A5      : 0x3ffaf6e0  
A6      : 0x40081798  A7      : 0x00000001  A8      : 0x800d7a8a  A9      : 0x3ffb4b70  
A10     : 0x00000000  A11     : 0x00000000  A12     : 0x3ffaf6e0  A13     : 0x3ffaf6c0  
A14     : 0x00000001  A15     : 0x3ffafbc0  SAR     : 0x00000000  EXCCAUSE: 0x00000005  
EXCVADDR: 0x00000000  LBEG    : 0x00000000  LEND    : 0x00000000  LCOUNT  : 0x00000000  


Backtrace: 0x40083c9f:0x3ffb4bb0 0x400df8c7:0x3ffb4bd0 0x40086a6e:0x3ffb4bf0 0x40085cbd:0x3ffb4c10




ELF file SHA256: 2da684514

Rebooting...
ets Jul 29 2019 12:21:46

rst:0xc (SW_CPU_RESET),boot:0x13 (SPI_FAST_FLASH_BOOT)
configsip: 0, SPIWP:0xee
clk_drv:0x00,q_drv:0x00,d_drv:0x00,cs0_drv:0x00,hd_drv:0x00,wp_drv:0x00
mode:DIO, clock div:2
load:0x3fff0030,len:6384
load:0x40078000,len:15916
load:0x40080400,len:3920
entry 0x40080644
[0;32mI (27) boot: ESP-IDF v5.5.2 2nd stage bootloader[0m
[0;32mI (27) boot: compile time Apr 21 2026 14:48:23[0m
[0;32mI (27) boot: Multicore bootloader[0m
[0;32mI (29) boot: chip revision: v3.1[0m
[0;32mI (31) boot.esp32: SPI Speed      : 40MHz[0m
[0;32mI (35) boot.esp32: SPI Mode       : DIO[0m
[0;32mI (39) boot.esp32: SPI Flash Size : 2MB[0m
[0;32mI (42) boot: Enabling RNG early entropy source...[0m
[0;32mI (47) boot: Partition Table:[0m
[0;32mI (49) boot: ## Label            Usage          Type ST Offset   Length[0m
[0;32mI (56) boot:  0 nvs              WiFi data        01 02 00009000 00006000[0m
[0;32mI (62) boot:  1 phy_init         RF data          01 01 0000f000 00001000[0m
[0;32mI (69) boot:  2 factory          factory app      00 00 00010000 00100000[0m
[0;32mI (75) boot: End of partition table[0m
[0;32mI (79) esp_image: segment 0: paddr=00010020 vaddr=3f400020 size=09e2ch ( 40492) map[0m
[0;32mI (100) esp_image: segment 1: paddr=00019e54 vaddr=3ffb0000 size=02400h (  9216) load[0m
[0;32mI (104) esp_image: segment 2: paddr=0001c25c vaddr=40080000 size=03dbch ( 15804) load[0m
[0;32mI (110) esp_image: segment 3: paddr=00020020 vaddr=400d0020 size=1055ch ( 66908) map[0m
[0;32mI (134) esp_image: segment 4: paddr=00030584 vaddr=40083dbc size=09200h ( 37376) load[0m
[0;32mI (149) esp_image: segment 5: paddr=0003978c vaddr=50000000 size=00020h (    32) load[0m
[0;32mI (156) boot: Loaded app from partition at offset 0x10000[0m
[0;32mI (156) boot: Disabling RNG early entropy source...[0m
[0;32mI (167) cpu_start: Multicore app[0m
[0;32mI (175) cpu_start: GPIO 3 and 1 are used as console UART I/O pins[0m
[0;32mI (176) cpu_start: Pro cpu start user code[0m
[0;32mI (176) cpu_start: cpu freq: 160000000 Hz[0m
[0;32mI (177) app_init: Application information:[0m
[0;32mI (181) app_init: Project name:     ADC[0m
[0;32mI (185) app_init: App version:      1[0m
[0;32mI (188) app_init: Compile time:     Apr 21 2026 14:48:01[0m
[0;32mI (193) app_init: ELF file SHA256:  2da684514...[0m
[0;32mI (198) app_init: ESP-IDF:          v5.5.2[0m
[0;32mI (201) efuse_init: Min chip rev:     v0.0[0m
[0;32mI (205) efuse_init: Max chip rev:     v3.99 [0m
[0;32mI (209) efuse_init: Chip rev:         v3.1[0m
[0;32mI (213) heap_init: Initializing. RAM available for dynamic allocation:[0m
[0;32mI (219) heap_init: At 3FFAE6E0 len 00001920 (6 KiB): DRAM[0m
[0;32mI (224) heap_init: At 3FFB2CE0 len 0002D320 (180 KiB): DRAM[0m
[0;32mI (230) heap_init: At 3FFE0440 len 00003AE0 (14 KiB): D/IRAM[0m
[0;32mI (235) heap_init: At 3FFE4350 len 0001BCB0 (111 KiB): D/IRAM[0m
[0;32mI (241) heap_init: At 4008CFBC len 00013044 (76 KiB): IRAM[0m
[0;33mW (247) spi_flash: Detected boya flash chip but using generic driver. For optimal functionality, enable `SPI_FLASH_SUPPORT_BOYA_CHIP` in menuconfig[0m
[0;32mI (259) spi_flash: detected chip: generic[0m
[0;32mI (262) spi_flash: flash io: dio[0m
[0;33mW (265) spi_flash: Detected size(4096k) larger than the size in the binary image header(2048k). Using the size in the binary image header.[0m
[0;32mI (278) main_task: Started on CPU0[0m
[0;32mI (288) main_task: Calling app_main()[0m
Guru Meditation Error: Core  0 panic'ed (Interrupt wdt timeout on CPU0). 

Core  0 register dump:
PC      : 0x400d8ec1  PS      : 0x00060334  A0      : 0x800d8fff  A1      : 0x3ffb3f00  
A2      : 0x00000001  A3      : 0x09896800  A4      : 0x3ffb3f20  A5      : 0x00060323  
A6      : 0x00000001  A7      : 0x0000cdcd  A8      : 0x3ff48800  A9      : 0x3ffb3ed0  
A10     : 0x00000000  A11     : 0xfbffffff  A12     : 0xffff0000  A13     : 0x00000000  
A14     : 0x00000000  A15     : 0x3ffaff10  SAR     : 0x0000001a  EXCCAUSE: 0x00000005  
EXCVADDR: 0x00000000  LBEG    : 0x4000c46c  LEND    : 0x4000c477  LCOUNT  : 0x00000000  


Backtrace: 0x400d8ebe:0x3ffb3f00 0x400d8ffc:0x3ffb3f20 0x400d87d1:0x3ffb3f50 0x400d613d:0x3ffb3f80 0x400dfe75:0x3ffb3fd0 0x40085cbd:0x3ffb4000


Core  1 register dump:
PC      : 0x40083ca2  PS      : 0x00060734  A0      : 0x800df8ca  A1      : 0x3ffb4bb0  
A2      : 0x00000000  A3      : 0x00000000  A4      : 0x3ffaf700  A5      : 0x3ffaf6e0  
A6      : 0x40081798  A7      : 0x00000001  A8      : 0x800d7a8a  A9      : 0x3ffb4b70  
A10     : 0x00000000  A11     : 0x00000000  A12     : 0x3ffaf6e0  A13     : 0x3ffaf6c0  
A14     : 0x00000001  A15     : 0x3ffafbc0  SAR     : 0x00000000  EXCCAUSE: 0x00000005  
EXCVADDR: 0x00000000  LBEG    : 0x00000000  LEND    : 0x00000000  LCOUNT  : 0x00000000  


Backtrace: 0x40083c9f:0x3ffb4bb0 0x400df8c7:0x3ffb4bd0 0x40086a6e:0x3ffb4bf0 0x40085cbd:0x3ffb4c10




ELF file SHA256: 2da684514

Rebooting...
ets Jul 29 2019 12:21:46

rst:0xc (SW_CPU_RESET),boot:0x13 (SPI_FAST_FLASH_BOOT)
configsip: 0, SPIWP:0xee
clk_drv:0x00,q_drv:0x00,d_drv:0x00,cs0_drv:0x00,hd_drv:0x00,wp_drv:0x00
mode:DIO, clock div:2
load:0x3fff0030,len:6384
load:0x40078000,len:15916
load:0x40080400,len:3920
entry 0x40080644
[0;32mI (27) boot: ESP-IDF v5.5.2 2nd stage bootloader[0m
[0;32mI (27) boot: compile time Apr 21 2026 14:48:23[0m
[0;32mI (27) boot: Multicore bootloader[0m
[0;32mI (29) boot: chip revision: v3.1[0m
[0;32mI (31) boot.esp32: SPI Speed      : 40MHz[0m
[0;32mI (35) boot.esp32: SPI Mode       : DIO[0m
[0;32mI (39) boot.esp32: SPI Flash Size : 2MB[0m
[0;32mI (42) boot: Enabling RNG early entropy source...[0m
[0;32mI (47) boot: Partition Table:[0m
[0;32mI (49) boot: ## Label            Usage          Type ST Offset   Length[0m
[0;32mI (56) boot:  0 nvs              WiFi data        01 02 00009000 00006000[0m
[0;32mI (62) boot:  1 phy_init         RF data          01 01 0000f000 00001000[0m
[0;32mI (69) boot:  2 factory          factory app      00 00 00010000 00100000[0m
[0;32mI (75) boot: End of partition table[0m
[0;32mI (79) esp_image: segment 0: paddr=00010020 vaddr=3f400020 size=09e2ch ( 40492) map[0m
[0;32mI (100) esp_image: segment 1: paddr=00019e54 vaddr=3ffb0000 size=02400h (  9216) load[0m
[0;32mI (104) esp_image: segment 2: paddr=0001c25c vaddr=40080000 size=03dbch ( 15804) load[0m
[0;32mI (110) esp_image: segment 3: paddr=00020020 vaddr=400d0020 size=1055ch ( 66908) map[0m
[0;32mI (134) esp_image: segment 4: paddr=00030584 vaddr=40083dbc size=09200h ( 37376) load[0m
[0;32mI (149) esp_image: segment 5: paddr=0003978c vaddr=50000000 size=00020h (    32) load[0m
[0;32mI (156) boot: Loaded app from partition at offset 0x10000[0m
[0;32mI (156) boot: Disabling RNG early entropy source...[0m
[0;32mI (167) cpu_start: Multicore app[0m
[0;32mI (175) cpu_start: GPIO 3 and 1 are used as console UART I/O pins[0m
[0;32mI (176) cpu_start: Pro cpu start user code[0m
[0;32mI (176) cpu_start: cpu freq: 160000000 Hz[0m
[0;32mI (177) app_init: Application information:[0m
[0;32mI (181) app_init: Project name:     ADC[0m
[0;32mI (185) app_init: App version:      1[0m
[0;32mI (188) app_init: Compile time:     Apr 21 2026 14:48:01[0m
[0;32mI (193) app_init: ELF file SHA256:  2da684514...[0m
[0;32mI (198) app_init: ESP-IDF:          v5.5.2[0m
[0;32mI (201) efuse_init: Min chip rev:     v0.0[0m
[0;32mI (205) efuse_init: Max chip rev:     v3.99 [0m
[0;32mI (209) efuse_init: Chip rev:         v3.1[0m
[0;32mI (213) heap_init: Initializing. RAM available for dynamic allocation:[0m
[0;32mI (219) heap_init: At 3FFAE6E0 len 00001920 (6 KiB): DRAM[0m
[0;32mI (224) heap_init: At 3FFB2CE0 len 0002D320 (180 KiB): DRAM[0m
[0;32mI (230) heap_init: At 3FFE0440 len 00003AE0 (14 KiB): D/IRAM[0m
[0;32mI (235) heap_init: At 3FFE4350 len 0001BCB0 (111 KiB): D/IRAM[0m
[0;32mI (241) heap_init: At 4008CFBC len 00013044 (76 KiB): IRAM[0m
[0;33mW (247) spi_flash: Detected boya flash chip but using generic driver. For optimal functionality, enable `SPI_FLASH_SUPPORT_BOYA_CHIP` in menuconfig[0m
[0;32mI (259) spi_flash: detected chip: generic[0m
[0;32mI (262) spi_flash: flash io: dio[0m
[0;33mW (265) spi_flash: Detected size(4096k) larger than the size in the binary image header(2048k). Using the size in the binary image header.[0m
[0;32mI (278) main_task: Started on CPU0[0m
[0;32mI (288) main_task: Calling app_main()[0m
Guru Meditation Error: Core  0 panic'ed (Interrupt wdt timeout on CPU0). 

Core  0 register dump:
PC      : 0x400d8ec4  PS      : 0x00060334  A0      : 0x800d8fff  A1      : 0x3ffb3f00  
A2      : 0x00000001  A3      : 0x09896800  A4      : 0x3ffb3f20  A5      : 0x00060323  
A6      : 0x00000001  A7      : 0x0000cdcd  A8      : 0x3ff48800  A9      : 0x3ffb3ed0  
A10     : 0x00000000  A11     : 0xfbffffff  A12     : 0xffff0000  A13     : 0x00000000  
A14     : 0x00000000  A15     : 0x3ffaff10  SAR     : 0x0000001a  EXCCAUSE: 0x00000005  
EXCVADDR: 0x00000000  LBEG    : 0x4000c46c  LEND    : 0x4000c477  LCOUNT  : 0x00000000  


Backtrace: 0x400d8ec1:0x3ffb3f00 0x400d8ffc:0x3ffb3f20 0x400d87d1:0x3ffb3f50 0x400d613d:0x3ffb3f80 0x400dfe75:0x3ffb3fd0 0x40085cbd:0x3ffb4000


Core  1 register dump:
PC      : 0x40083ca2  PS      : 0x00060734  A0      : 0x800df8ca  A1      : 0x3ffb4bb0  
A2      : 0x00000000  A3      : 0x00000000  A4      : 0x3ffaf700  A5      : 0x3ffaf6e0  
A6      : 0x40081798  A7      : 0x00000001  A8      : 0x800d7a8a  A9      : 0x3ffb4b70  
A10     : 0x00000000  A11     : 0x00000000  A12     : 0x3ffaf6e0  A13     : 0x3ffaf6c0  
A14     : 0x00000001  A15     : 0x3ffafbc0  SAR     : 0x00000000  EXCCAUSE: 0x00000005  
EXCVADDR: 0x00000000  LBEG    : 0x00000000  LEND    : 0x00000000  LCOUNT  : 0x00000000  


Backtrace: 0x40083c9f:0x3ffb4bb0 0x400df8c7:0x3ffb4bd0 0x40086a6e:0x3ffb4bf0 0x40085cbd:0x3ffb4c10




ELF file SHA256: 2da684514

Rebooting...
ets Jul 29 2019 12:21:46

rst:0xc (SW_CPU_RESET),boot:0x13 (SPI_FAST_FLASH_BOOT)
configsip: 0, SPIWP:0xee
clk_drv:0x00,q_drv:0x00,d_drv:0x00,cs0_drv:0x00,hd_drv:0x00,wp_drv:0x00
mode:DIO, clock div:2
load:0x3fff0030,len:6384
load:0x40078000,len:15916
load:0x40080400,len:3920
entry 0x40080644
[0;32mI (27) boot: ESP-IDF v5.5.2 2nd stage bootloader[0m
[0;32mI (27) boot: compile time Apr 21 2026 14:48:23[0m
[0;32mI (27) boot: Multicore bootloader[0m
[0;32mI (29) boot: chip revision: v3.1[0m
[0;32mI (31) boot.esp32: SPI Speed      : 40MHz[0m
[0;32mI (35) boot.esp32: SPI Mode       : DIO[0m
[0;32mI (39) boot.esp32: SPI Flash Size : 2MB[0m
[0;32mI (42) boot: Enabling RNG early entropy source...[0m
[0;32mI (47) boot: Partition Table:[0m
[0;32mI (49) boot: ## Label            Usage          Type ST Offset   Length[0m
[0;32mI (56) boot:  0 nvs              WiFi data        01 02 00009000 00006000[0m
[0;32mI (62) boot:  1 phy_init         RF data          01 01 0000f000 00001000[0m
[0;32mI (69) boot:  2 factory          factory app      00 00 00010000 00100000[0m
[0;32mI (75) boot: End of partition table[0m
[0;32mI (79) esp_image: segment 0: paddr=00010020 vaddr=3f400020 size=09e2ch ( 40492) map[0m
[0;32mI (100) esp_image: segment 1: paddr=00019e54 vaddr=3ffb0000 size=02400h (  9216) load[0m
[0;32mI (104) esp_image: segment 2: paddr=0001c25c vaddr=40080000 size=03dbch ( 15804) load[0m
[0;32mI (110) esp_image: segment 3: paddr=00020020 vaddr=400d0020 size=1055ch ( 66908) map[0m
[0;32mI (134) esp_image: segment 4: paddr=00030584 vaddr=40083dbc size=09200h ( 37376) load[0m
[0;32mI (149) esp_image: segment 5: paddr=0003978c vaddr=50000000 size=00020h (    32) load[0m
[0;32mI (156) boot: Loaded app from partition at offset 0x10000[0m
[0;32mI (156) boot: Disabling RNG early entropy source...[0m
[0;32mI (167) cpu_start: Multicore app[0m
[0;32mI (175) cpu_start: GPIO 3 and 1 are used as console UART I/O pins[0m
[0;32mI (176) cpu_start: Pro cpu start user code[0m
[0;32mI (176) cpu_start: cpu freq: 160000000 Hz[0m
[0;32mI (177) app_init: Application information:[0m
[0;32mI (181) app_init: Project name:     ADC[0m
[0;32mI (185) app_init: App version:      1[0m
[0;32mI (188) app_init: Compile time:     Apr 21 2026 14:48:01[0m
[0;32mI (193) app_init: ELF file SHA256:  2da684514...[0m
[0;32mI (198) app_init: ESP-IDF:          v5.5.2[0m
[0;32mI (201) efuse_init: Min chip rev:     v0.0[0m
[0;32mI (205) efuse_init: Max chip rev:     v3.99 [0m
[0;32mI (209) efuse_init: Chip rev:         v3.1[0m
[0;32mI (213) heap_init: Initializing. RAM available for dynamic allocation:[0m
[0;32mI (219) heap_init: At 3FFAE6E0 len 00001920 (6 KiB): DRAM[0m
[0;32mI (224) heap_init: At 3FFB2CE0 len 0002D320 (180 KiB): DRAM[0m
[0;32mI (230) heap_init: At 3FFE0440 len 00003AE0 (14 KiB): D/IRAM[0m
[0;32mI (235) heap_init: At 3FFE4350 len 0001BCB0 (111 KiB): D/IRAM[0m
[0;32mI (241) heap_init: At 4008CFBC len 00013044 (76 KiB): IRAM[0m
[0;33mW (247) spi_flash: Detected boya flash chip but using generic driver. For optimal functionality, enable `SPI_FLASH_SUPPORT_BOYA_CHIP` in menuconfig[0m
[0;32mI (259) spi_flash: detected chip: generic[0m
[0;32mI (262) spi_flash: flash io: dio[0m
[0;33mW (265) spi_flash: Detected size(4096k) larger than the size in the binary image header(2048k). Using the size in the binary image header.[0m
[0;32mI (278) main_task: Started on CPU0[0m
[0;32mI (288) main_task: Calling app_main()[0m
Guru Meditation Error: Core  0 panic'ed (Interrupt wdt timeout on CPU0). 

Core  0 register dump:
PC      : 0x400d8ec4  PS      : 0x00060334  A0      : 0x800d8fff  A1      : 0x3ffb3f00  
A2      : 0x00000001  A3      : 0x09896800  A4      : 0x3ffb3f20  A5      : 0x00060323  
A6      : 0x00000001  A7      : 0x0000cdcd  A8      : 0x3ff48800  A9      : 0x3ffb3ed0  
A10     : 0x00000000  A11     : 0xfbffffff  A12     : 0xffff0000  A13     : 0x00000000  
A14     : 0x00000000  A15     : 0x3ffaff10  SAR     : 0x0000001a  EXCCAUSE: 0x00000005  
EXCVADDR: 0x00000000  LBEG    : 0x4000c46c  LEND    : 0x4000c477  LCOUNT  : 0x00000000  


Backtrace: 0x400d8ec1:0x3ffb3f00 0x400d8ffc:0x3ffb3f20 0x400d87d1:0x3ffb3f50 0x400d613d:0x3ffb3f80 0x400dfe75:0x3ffb3fd0 0x40085cbd:0x3ffb4000


Core  1 register dump:
PC      : 0x40083ca2  PS      : 0x00060734  A0      : 0x800df8ca  A1      : 0x3ffb4bb0  
A2      : 0x00000000  A3      : 0x00000000  A4      : 0x3ffaf700  A5      : 0x3ffaf6e0  
A6      : 0x40081798  A7      : 0x00000001  A8      : 0x800d7a8a  A9      : 0x3ffb4b70  
A10     : 0x00000000  A11     : 0x00000000  A12     : 0x3ffaf6e0  A13     : 0x3ffaf6c0  
A14     : 0x00000001  A15     : 0x3ffafbc0  SAR     : 0x00000000  EXCCAUSE: 0x00000005  
EXCVADDR: 0x00000000  LBEG    : 0x00000000  LEND    : 0x00000000  LCOUNT  : 0x00000000  


Backtrace: 0x40083c9f:0x3ffb4bb0 0x400df8c7:0x3ffb4bd0 0x40086a6e:0x3ffb4bf0 0x40085cbd:0x3ffb4c10




ELF file SHA256: 2da684514

Rebooting...
ets Jul 29 2019 12:21:46

rst:0xc (SW_CPU_RESET),boot:0x13 (SPI_FAST_FLASH_BOOT)
configsip: 0, SPIWP:0xee
clk_drv:0x00,q_drv:0x00,d_drv:0x00,cs0_drv:0x00,hd_drv:0x00,wp_drv:0x00
mode:DIO, clock div:2
load:0x3fff0030,len:6384
load:0x40078000,len:15916
load:0x40080400,len:3920
entry 0x40080644
[0;32mI (27) boot: ESP-IDF v5.5.2 2nd stage bootloader[0m
[0;32mI (27) boot: compile time Apr 21 2026 14:48:23[0m
[0;32mI (27) boot: Multicore bootloader[0m
[0;32mI (29) boot: chip revision: v3.1[0m
[0;32mI (31) boot.esp32: SPI Speed      : 40MHz[0m
[0;32mI (35) boot.esp32: SPI Mode       : DIO[0m
[0;32mI (39) boot.esp32: SPI Flash Size : 2MB[0m
[0;32mI (42) boot: Enabling RNG early entropy source...[0m
[0;32mI (47) boot: Partition Table:[0m
[0;32mI (49) boot: ## Label            Usage          Type ST Offset   Length[0m
[0;32mI (56) boot:  0 nvs              WiFi data        01 02 00009000 00006000[0m
[0;32mI (62) boot:  1 phy_init         RF data          01 01 0000f000 00001000[0m
[0;32mI (69) boot:  2 factory          factory app      00 00 00010000 00100000[0m
[0;32mI (75) boot: End of partition table[0m
[0;32mI (79) esp_image: segment 0: paddr=00010020 vaddr=3f400020 size=09e2ch ( 40492) map[0m
[0;32mI (100) esp_image: segment 1: paddr=00019e54 vaddr=3ffb0000 size=02400h (  9216) load[0m
[0;32mI (104) esp_image: segment 2: paddr=0001c25c vaddr=40080000 size=03dbch ( 15804) load[0m
[0;32mI (110) esp_image: segment 3: paddr=00020020 vaddr=400d0020 size=1055ch ( 66908) map[0m
[0;32mI (134) esp_image: segment 4: paddr=00030584 vaddr=40083dbc size=09200h ( 37376) load[0m
[0;32mI (149) esp_image: segment 5: paddr=0003978c vaddr=50000000 size=00020h (    32) load[0m
[0;32mI (156) boot: Loaded app from partition at offset 0x10000[0m
[0;32mI (156) boot: Disabling RNG early entropy source...[0m
[0;32mI (167) cpu_start: Multicore app[0m
[0;32mI (175) cpu_start: GPIO 3 and 1 are used as console UART I/O pins[0m
[0;32mI (176) cpu_start: Pro cpu start user code[0m
[0;32mI (176) cpu_start: cpu freq: 160000000 Hz[0m
[0;32mI (177) app_init: Application information:[0m
[0;32mI (181) app_init: Project name:     ADC[0m
[0;32mI (185) app_init: App version:      1[0m
[0;32mI (188) app_init: Compile time:     Apr 21 2026 14:48:01[0m
[0;32mI (193) app_init: ELF file SHA256:  2da684514...[0m
[0;32mI (198) app_init: ESP-IDF:          v5.5.2[0m
[0;32mI (201) efuse_init: Min chip rev:     v0.0[0m
[0;32mI (205) efuse_init: Max chip rev:     v3.99 [0m
[0;32mI (209) efuse_init: Chip rev:         v3.1[0m
[0;32mI (213) heap_init: Initializing. RAM available for dynamic allocation:[0m
[0;32mI (219) heap_init: At 3FFAE6E0 len 00001920 (6 KiB): DRAM[0m
[0;32mI (224) heap_init: At 3FFB2CE0 len 0002D320 (180 KiB): DRAM[0m
[0;32mI (230) heap_init: At 3FFE0440 len 00003AE0 (14 KiB): D/IRAM[0m
[0;32mI (235) heap_init: At 3FFE4350 len 0001BCB0 (111 KiB): D/IRAM[0m
[0;32mI (241) heap_init: At 4008CFBC len 00013044 (76 KiB): IRAM[0m
[0;33mW (247) spi_flash: Detected boya flash chip but using generic driver. For optimal functionality, enable `SPI_FLASH_SUPPORT_BOYA_CHIP` in menuconfig[0m
[0;32mI (259) spi_flash: detected chip: generic[0m
[0;32mI (262) spi_flash: flash io: dio[0m
[0;33mW (265) spi_flash: Detected size(4096k) larger than the size in the binary image header(2048k). Using the size in the binary image header.[0m
[0;32mI (278) main_task: Started on CPU0[0m
[0;32mI (288) main_task: Calling app_main()[0m
Guru Meditation Error: Core  0 panic'ed (Interrupt wdt timeout on CPU0). 

Core  0 register dump:
PC      : 0x400d8ec4  PS      : 0x00060334  A0      : 0x800d8fff  A1      : 0x3ffb3f00  
A2      : 0x00000001  A3      : 0x09896800  A4      : 0x3ffb3f20  A5      : 0x00060323  
A6      : 0x00000001  A7      : 0x0000cdcd  A8      : 0x3ff48800  A9      : 0x3ffb3ed0  
A10     : 0x00000000  A11     : 0xfbffffff  A12     : 0xffff0000  A13     : 0x00000000  
A14     : 0x00000000  A15     : 0x3ffaff10  SAR     : 0x0000001a  EXCCAUSE: 0x00000005  
EXCVADDR: 0x00000000  LBEG    : 0x4000c46c  LEND    : 0x4000c477  LCOUNT  : 0x00000000  


Backtrace: 0x400d8ec1:0x3ffb3f00 0x400d8ffc:0x3ffb3f20 0x400d87d1:0x3ffb3f50 0x400d613d:0x3ffb3f80 0x400dfe75:0x3ffb3fd0 0x40085cbd:0x3ffb4000


Core  1 register dump:
PC      : 0x40083ca2  PS      : 0x00060734  A0      : 0x800df8ca  A1      : 0x3ffb4bb0  
A2      : 0x00000000  A3      : 0x00000000  A4      : 0x3ffaf700  A5      : 0x3ffaf6e0  
A6      : 0x40081798  A7      : 0x00000001  A8      : 0x800d7a8a  A9      : 0x3ffb4b70  
A10     : 0x00000000  A11     : 0x00000000  A12     : 0x3ffaf6e0  A13     : 0x3ffaf6c0  
A14     : 0x00000001  A15     : 0x3ffafbc0  SAR     : 0x00000000  EXCCAUSE: 0x00000005  
EXCVADDR: 0x00000000  LBEG    : 0x00000000  LEND    : 0x00000000  LCOUNT  : 0x00000000  


Backtrace: 0x40083c9f:0x3ffb4bb0 0x400df8c7:0x3ffb4bd0 0x40086a6e:0x3ffb4bf0 0x40085cbd:0x3ffb4c10




ELF file SHA256: 2da684514

Rebooting...
ets Jul 29 2019 12:21:46

rst:0xc (SW_CPU_RESET),boot:0x13 (SPI_FAST_FLASH_BOOT)
configsip: 0, SPIWP:0xee
clk_drv:0x00,q_drv:0x00,d_drv:0x00,cs0_drv:0x00,hd_drv:0x00,wp_drv:0x00
mode:DIO, clock div:2
load:0x3fff0030,len:6384
load:0x40078000,len:15916
load:0x40080400,len:3920
entry 0x40080644
[0;32mI (27) boot: ESP-IDF v5.5.2 2nd stage bootloader[0m
[0;32mI (27) boot: compile time Apr 21 2026 14:48:23[0m
[0;32mI (27) boot: Multicore bootloader[0m
[0;32mI (29) boot: chip revision: v3.1[0m
[0;32mI (31) boot.esp32: SPI Speed      : 40MHz[0m
[0;32mI (35) boot.esp32: SPI Mode       : DIO[0m
[0;32mI (39) boot.esp32: SPI Flash Size : 2MB[0m
[0;32mI (42) boot: Enabling RNG early entropy source...[0m
[0;32mI (47) boot: Partition Table:[0m
[0;32mI (49) boot: ## Label            Usage          Type ST Offset   Length[0m
[0;32mI (56) boot:  0 nvs              WiFi data        01 02 00009000 00006000[0m
[0;32mI (62) boot:  1 phy_init         RF data          01 01 0000f000 00001000[0m
[0;32mI (69) boot:  2 factory          factory app      00 00 00010000 00100000[0m
[0;32mI (75) boot: End of partition table[0m
[0;32mI (79) esp_image: segment 0: paddr=00010020 vaddr=3f400020 size=09e2ch ( 40492) map[0m
[0;32mI (100) esp_image: segment 1: paddr=00019e54 vaddr=3ffb0000 size=02400h (  9216) load[0m
[0;32mI (104) esp_image: segment 2: paddr=0001c25c vaddr=40080000 size=03dbch ( 15804) load[0m
[0;32mI (110) esp_image: segment 3: paddr=00020020 vaddr=400d0020 size=1055ch ( 66908) map[0m
[0;32mI (134) esp_image: segment 4: paddr=00030584 vaddr=40083dbc size=09200h ( 37376) load[0m
[0;32mI (149) esp_image: segment 5: paddr=0003978c vaddr=50000000 size=00020h (    32) load[0m
[0;32mI (156) boot: Loaded app from partition at offset 0x10000[0m
[0;32mI (156) boot: Disabling RNG early entropy source...[0m
[0;32mI (167) cpu_start: Multicore app[0m
[0;32mI (175) cpu_start: GPIO 3 and 1 are used as console UART I/O pins[0m
[0;32mI (176) cpu_start: Pro cpu start user code[0m
[0;32mI (176) cpu_start: cpu freq: 160000000 Hz[0m
[0;32mI (177) app_init: Application information:[0m
[0;32mI (181) app_init: Project name:     ADC[0m
[0;32mI (185) app_init: App version:      1[0m
[0;32mI (188) app_init: Compile time:     Apr 21 2026 14:48:01[0m
[0;32mI (193) app_init: ELF file SHA256:  2da684514...[0m
[0;32mI (198) app_init: ESP-IDF:          v5.5.2[0m
[0;32mI (201) efuse_init: Min chip rev:     v0.0[0m
[0;32mI (205) efuse_init: Max chip rev:     v3.99 [0m
[0;32mI (209) efuse_init: Chip rev:         v3.1[0m
[0;32mI (213) heap_init: Initializing. RAM available for dynamic allocation:[0m
[0;32mI (219) heap_init: At 3FFAE6E0 len 00001920 (6 KiB): DRAM[0m
[0;32mI (224) heap_init: At 3FFB2CE0 len 0002D320 (180 KiB): DRAM[0m
[0;32mI (230) heap_init: At 3FFE0440 len 00003AE0 (14 KiB): D/IRAM[0m
[0;32mI (235) heap_init: At 3FFE4350 len 0001BCB0 (111 KiB): D/IRAM[0m
[0;32mI (241) heap_init: At 4008CFBC len 00013044 (76 KiB): IRAM[0m
[0;33mW (247) spi_flash: Detected boya flash chip but using generic driver. For optimal functionality, enable `SPI_FLASH_SUPPORT_BOYA_CHIP` in menuconfig[0m
[0;32mI (259) spi_flash: detected chip: generic[0m
[0;32mI (262) spi_flash: flash io: dio[0m
[0;33mW (265) spi_flash: Detected size(4096k) larger than the size in the binary image header(2048k). Using the size in the binary image header.[0m
[0;32mI (278) main_task: Started on CPU0[0m
[0;32mI (288) main_task: Calling app_main()[0m
Guru Meditation Error: Core  0 panic'ed (Interrupt wdt timeout on CPU0). 

Core  0 register dump:
PC      : 0x400d8ec4  PS      : 0x00060334  A0      : 0x800d8fff  A1      : 0x3ffb3f00  
A2      : 0x00000001  A3      : 0x09896800  A4      : 0x3ffb3f20  A5      : 0x00060323  
A6      : 0x00000001  A7      : 0x0000cdcd  A8      : 0x3ff48800  A9      : 0x3ffb3ed0  
A10     : 0x00000000  A11     : 0xfbffffff  A12     : 0xffff0000  A13     : 0x00000000  
A14     : 0x00000000  A15     : 0x3ffaff10  SAR     : 0x0000001a  EXCCAUSE: 0x00000005  
EXCVADDR: 0x00000000  LBEG    : 0x4000c46c  LEND    : 0x4000c477  LCOUNT  : 0x00000000  


Backtrace: 0x400d8ec1:0x3ffb3f00 0x400d8ffc:0x3ffb3f20 0x400d87d1:0x3ffb3f50 0x400d613d:0x3ffb3f80 0x400dfe75:0x3ffb3fd0 0x40085cbd:0x3ffb4000


Core  1 register dump:
PC      : 0x40083ca2  PS      : 0x00060734  A0      : 0x800df8ca  A1      : 0x3ffb4bb0  
A2      : 0x00000000  A3      : 0x00000000  A4      : 0x3ffaf700  A5      : 0x3ffaf6e0  
A6      : 0x40081798  A7      : 0x00000001  A8      : 0x800d7a8a  A9      : 0x3ffb4b70  
A10     : 0x00000000  A11     : 0x00000000  A12     : 0x3ffaf6e0  A13     : 0x3ffaf6c0  
A14     : 0x00000001  A15     : 0x3ffafbc0  SAR     : 0x00000000  EXCCAUSE: 0x00000005  
EXCVADDR: 0x00000000  LBEG    : 0x00000000  LEND    : 0x00000000  LCOUNT  : 0x00000000  


Backtrace: 0x40083c9f:0x3ffb4bb0 0x400df8c7:0x3ffb4bd0 0x40086a6e:0x3ffb4bf0 0x40085cbd:0x3ffb4c10




ELF file SHA256: 2da684514

Rebooting...
ets Jul 29 2019 12:21:46

rst:0xc (SW_CPU_RESET),boot:0x13 (SPI_FAST_FLASH_BOOT)
configsip: 0, SPIWP:0xee
clk_drv:0x00,q_drv:0x00,d_drv:0x00,cs0_drv:0x00,hd_drv:0x00,wp_drv:0x00
mode:DIO, clock div:2
load:0x3fff0030,len:6384
load:0x40078000,len:15916
load:0x40080400,len:3920
entry 0x40080644
[0;32mI (27) boot: ESP-IDF v5.5.2 2nd stage bootloader[0m
[0;32mI (27) boot: compile time Apr 21 2026 14:48:23[0m
[0;32mI (27) boot: Multicore bootloader[0m
[0;32mI (29) boot: chip revision: v3.1[0m
[0;32mI (31) boot.esp32: SPI Speed      : 40MHz[0m
[0;32mI (35) boot.esp32: SPI Mode       : DIO[0m
[0;32mI (39) boot.esp32: SPI Flash Size : 2MB[0m
[0;32mI (42) boot: Enabling RNG early entropy source...[0m
[0;32mI (47) boot: Partition Table:[0m
[0;32mI (49) boot: ## Label            Usage          Type ST Offset   Length[0m
[0;32mI (56) boot:  0 nvs              WiFi data        01 02 00009000 00006000[0m
[0;32mI (62) boot:  1 phy_init         RF data          01 01 0000f000 00001000[0m
[0;32mI (69) boot:  2 factory          factory app      00 00 00010000 00100000[0m
[0;32mI (75) boot: End of partition table[0m
[0;32mI (79) esp_image: segment 0: paddr=00010020 vaddr=3f400020 size=09e2ch ( 40492) map[0m
[0;32mI (100) esp_image: segment 1: paddr=00019e54 vaddr=3ffb0000 size=02400h (  9216) load[0m
[0;32mI (104) esp_image: segment 2: paddr=0001c25c vaddr=40080000 size=03dbch ( 15804) load[0m
[0;32mI (110) esp_image: segment 3: paddr=00020020 vaddr=400d0020 size=1055ch ( 66908) map[0m
[0;32mI (134) esp_image: segment 4: paddr=00030584 vaddr=40083dbc size=09200h ( 37376) load[0m
[0;32mI (149) esp_image: segment 5: paddr=0003978c vaddr=50000000 size=00020h (    32) load[0m
[0;32mI (156) boot: Loaded app from partition at offset 0x10000[0m
[0;32mI (156) boot: Disabling RNG early entropy source...[0m
[0;32mI (167) cpu_start: Multicore app[0m
[0;32mI (175) cpu_start: GPIO 3 and 1 are used as console UART I/O pins[0m
[0;32mI (176) cpu_start: Pro cpu start user code[0m
[0;32mI (176) cpu_start: cpu freq: 160000000 Hz[0m
[0;32mI (177) app_init: Application information:[0m
[0;32mI (181) app_init: Project name:     ADC[0m
[0;32mI (185) app_init: App version:      1[0m
[0;32mI (188) app_init: Compile time:     Apr 21 2026 14:48:01[0m
[0;32mI (193) app_init: ELF file SHA256:  2da684514...[0m
[0;32mI (198) app_init: ESP-IDF:          v5.5.2[0m
[0;32mI (201) efuse_init: Min chip rev:     v0.0[0m
[0;32mI (205) efuse_init: Max chip rev:     v3.99 [0m
[0;32mI (209) efuse_init: Chip rev:         v3.1[0m
[0;32mI (213) heap_init: Initializing. RAM available for dynamic allocation:[0m
[0;32mI (219) heap_init: At 3FFAE6E0 len 00001920 (6 KiB): DRAM[0m
[0;32mI (224) heap_init: At 3FFB2CE0 len 0002D320 (180 KiB): DRAM[0m
[0;32mI (230) heap_init: At 3FFE0440 len 00003AE0 (14 KiB): D/IRAM[0m
[0;32mI (235) heap_init: At 3FFE4350 len 0001BCB0 (111 KiB): D/IRAM[0m
[0;32mI (241) heap_init: At 4008CFBC len 00013044 (76 KiB): IRAM[0m
[0;33mW (247) spi_flash: Detected boya flash chip but using generic driver. For optimal functionality, enable `SPI_FLASH_SUPPORT_BOYA_CHIP` in menuconfig[0m
[0;32mI (259) spi_flash: detected chip: generic[0m
[0;32mI (262) spi_flash: flash io: dio[0m
[0;33mW (265) spi_flash: Detected size(4096k) larger than the size in the binary image header(2048k). Using the size in the binary image header.[0m
[0;32mI (278) main_task: Started on CPU0[0m
[0;32mI (288) main_task: Calling app_main()[0m
Guru Meditation Error: Core  0 panic'ed (Interrupt wdt timeout on CPU0). 

Core  0 register dump:
PC      : 0x400d8ec4  PS      : 0x00060334  A0      : 0x800d8fff  A1      : 0x3ffb3f00  
A2      : 0x00000001  A3      : 0x09896800  A4      : 0x3ffb3f20  A5      : 0x00060323  
A6      : 0x00000001  A7      : 0x0000cdcd  A8      : 0x3ff48800  A9      : 0x3ffb3ed0  
A10     : 0x00000000  A11     : 0xfbffffff  A12     : 0xffff0000  A13     : 0x00000000  
A14     : 0x00000000  A15     : 0x3ffaff10  SAR     : 0x0000001a  EXCCAUSE: 0x00000005  
EXCVADDR: 0x00000000  LBEG    : 0x4000c46c  LEND    : 0x4000c477  LCOUNT  : 0x00000000  


Backtrace: 0x400d8ec1:0x3ffb3f00 0x400d8ffc:0x3ffb3f20 0x400d87d1:0x3ffb3f50 0x400d613d:0x3ffb3f80 0x400dfe75:0x3ffb3fd0 0x40085cbd:0x3ffb4000


Core  1 register dump:
PC      : 0x40083ca2  PS      : 0x00060734  A0      : 0x800df8ca  A1      : 0x3ffb4bb0  
A2      : 0x00000000  A3      : 0x00000000  A4      : 0x3ffaf700  A5      : 0x3ffaf6e0  
A6      : 0x40081798  A7      : 0x00000001  A8      : 0x800d7a8a  A9      : 0x3ffb4b70  
A10     : 0x00000000  A11     : 0x00000000  A12     : 0x3ffaf6e0  A13     : 0x3ffaf6c0  
A14     : 0x00000001  A15     : 0x3ffafbc0  SAR     : 0x00000000  EXCCAUSE: 0x00000005  
EXCVADDR: 0x00000000  LBEG    : 0x00000000  LEND    : 0x00000000  LCOUNT  : 0x00000000  


Backtrace: 0x40083c9f:0x3ffb4bb0 
0x400df8c7:0x3ffb4bd0 0x40086a6e
:0x3ffb4bf0 0x40085cbd:0x3ffb4c1
0




ELF file SHA256: 2da684514

Rebooting...
ets Jul 29 2019 12:21:46

rst:0xc (SW_CPU_RESET),boot:0x13 (SPI_FAST_FLASH_BOOT)
configsip: 0, SPIWP:0xee
clk_drv:0x00,q_drv:0x00,d_drv:0x00,cs0_drv:0x00,hd_drv:0x00,wp_drv:0x00
mode:DIO, clock div:2
load:0x3fff0030,len:6384
load:0x40078000,len:15916
load:0x40080400,len:3920
entry 0x40080644
[0;32mI (27) boot: ESP-IDF v5.5.2 2nd stage bootloader[0m
[0;32mI (27) boot: compile time Apr 21 2026 14:48:23[0m
[0;32mI (27) boot: Multicore bootloader[0m
[0;32mI (29) boot: chip revision: v3.1[0m
[0;32mI (31) boot.esp32: SPI Speed      : 40MHz[0m
[0;32mI (35) boot.esp32: SPI Mode       : DIO[0m
[0;32mI (39) boot.esp32: SPI Flash Size : 2MB[0m
[0;32mI (42) boot: Enabling RNG early entropy source...[0m
[0;32mI (47) boot: Partition Table:[0m
[0;32mI (49) boot: ## Label            Usage          Type ST Offset   Length[0m
[0;32mI (56) boot:  0 nvs              WiFi data        01 02 00009000 00006000[0m
[0;32mI (62) boot:  1 phy_init         RF data          01 01 0000f000 00001000[0m
[0;32mI (69) boot:  2 factory          factory app      00 00 00010000 00100000[0m
[0;32mI (75) boot: End of partition table[0m
[0;32mI (79) esp_image: segment 0: paddr=00010020 vaddr=3f400020 size=09e2ch ( 40492) map[0m
[0;32mI (100) esp_image: segment 1: paddr=00019e54 vaddr=3ffb0000 size=02400h (  9216) load[0m
[0;32mI (104) esp_image: segment 2: paddr=0001c25c vaddr=40080000 size=03dbch ( 15804) load[0m
[0;32mI (110) esp_image: segment 3: paddr=00020020 vaddr=400d0020 size=1055ch ( 66908) map[0m
[0;32mI (134) esp_image: segment 4: paddr=00030584 vaddr=40083dbc size=09200h ( 37376) load[0m
[0;32mI (149) esp_image: segment 5: paddr=0003978c vaddr=50000000 size=00020h (    32) load[0m
[0;32mI (156) boot: Loaded app from partition at offset 0x10000[0m
[0;32mI (156) boot: Disabling RNG early entropy source...[0m
[0;32mI (167) cpu_start: Multicore app[0m
[0;32mI (175) cpu_start: GPIO 3 and 1 are used as console UART I/O pins[0m
[0;32mI (176) cpu_start: Pro cpu start user code[0m
[0;32mI (176) cpu_start: cpu freq: 160000000 Hz[0m
[0;32mI (177) app_init: Application information:[0m
[0;32mI (181) app_init: Project name:     ADC[0m
[0;32mI (185) app_init: App version:      1[0m
[0;32mI (188) app_init: Compile time:     Apr 21 2026 14:48:01[0m
[0;32mI (193) app_init: ELF file SHA256:  2da684514...[0m
[0;32mI (198) app_init: ESP-IDF:          v5.5.2[0m
[0;32mI (201) efuse_init: Min chip rev:     v0.0[0m
[0;32mI (205) efuse_init: Max chip rev:     v3.99 [0m
[0;32mI (209) efuse_init: Chip rev:         v3.1[0m
[0;32mI (213) heap_init: Initializing. RAM available for dynamic allocation:[0m
[0;32mI (219) heap_init: At 3FFAE6E0 len 00001920 (6 KiB): DRAM[0m
[0;32mI (224) heap_init: At 3FFB2CE0 len 0002D320 (180 KiB): DRAM[0m
[0;32mI (230) heap_init: At 3FFE0440 len 00003AE0 (14 KiB): D/IRAM[0m
[0;32mI (235) heap_init: At 3FFE4350 len 0001BCB0 (111 KiB): D/IRAM[0m
[0;32mI (241) heap_init: At 4008CFBC len 00013044 (76 KiB): IRAM[0m
[0;33mW (247) spi_flash: Detected boya flash chip but using generic driver. For optimal functionality, enable `SPI_FLASH_SUPPORT_BOYA_CHIP` in menuconfig[0m
[0;32mI (259) spi_flash: detected chip: generic[0m
[0;32mI (262) spi_flash: flash io: dio[0m
[0;33mW (265) spi_flash: Detected size(4096k) larger than the size in the binary image header(2048k). Using the size in the binary image header.[0m
[0;32mI (278) main_task: Started on CPU0[0m
[0;32mI (288) main_task: Calling app_main()[0m
Guru Meditation Error: Core  0 panic'ed (Interrupt wdt timeout on CPU0). 

Core  0 register dump:
PC      : 0x400d8ec4  PS      : 0x00060334  A0      : 0x800d8fff  A1      : 0x3ffb3f00  
A2      : 0x00000001  A3      : 0x09896800  A4      : 0x3ffb3f20  A5      : 0x00060323  
A6      : 0x00000001  A7      : 0x0000cdcd  A8      : 0x3ff48800  A9      : 0x3ffb3ed0  
A10     : 0x00000000  A11     : 0xfbffffff  A12     : 0xffff0000  A13     : 0x00000000  
A14     : 0x00000000  A15     : 0x3ffaff10  SAR     : 0x0000001a  EXCCAUSE: 0x00000005  
EXCVADDR: 0x00000000  LBEG    : 0x4000c46c  LEND    : 0x4000c477  LCOUNT  : 0x00000000  


Backtrace: 0x400d8ec1:0x3ffb3f00 0x400d8ffc:0x3ffb3f20 0x400d87d1:0x3ffb3f50 0x400d613d:0x3ffb3f80 0x400dfe75:0x3ffb3fd0 0x40085cbd:0x3ffb4000


Core  1 register dump:
PC      : 0x40083ca2  PS      : 0x00060734  A0      : 0x800df8ca  A1      : 0x3ffb4bb0  
A2      : 0x00000000  A3      : 0x00000000  A4      : 0x3ffaf700  A5      : 0x3ffaf6e0  
A6      : 0x40081798  A7      : 0x00000001  A8      : 0x800d7a8a  A9      : 0x3ffb4b70  
A10     : 0x00000000  A11     : 0x00000000  A12     : 0x3ffaf6e0  A13     : 0x3ffaf6c0  
A14     : 0x00000001  A15     : 0x3ffafbc0  SAR     : 0x00000000  EXCCAUSE: 0x00000005  
EXCVADDR: 0x00000000  LBEG    : 0x00000000  LEND    : 0x00000000  LCOUNT  : 0x00000000  


Backtrace: 0x40083c9f:0x3ffb4bb0 0x400df8c7:0x3ffb4bd0 0x40086a6e:0x3ffb4bf0 0x40085cbd:0x3ffb4c10




ELF file SHA256: 2da684514

Rebooting...
ets Jul 29 2019 12:21:46

rst:0xc (SW_CPU_RESET),boot:0x13 (SPI_FAST_FLASH_BOOT)
configsip: 0, SPIWP:0xee
clk_drv:0x00,q_drv:0x00,d_drv:0x00,cs0_drv:0x00,hd_drv:0x00,wp_drv:0x00
mode:DIO, clock div:2
load:0x3fff0030,len:6384
load:0x40078000,len:15916
load:0x40080400,len:3920
entry 0x40080644
[0;32mI (27) boot: ESP-IDF v5.5.2 2nd stage bootloader[0m
[0;32mI (27) boot: compile time Apr 21 2026 14:48:23[0m
[0;32mI (27) boot: Multicore bootloader[0m
[0;32mI (29) boot: chip revision: v3.1[0m
[0;32mI (31) boot.esp32: SPI Speed      : 40MHz[0m
[0;32mI (35) boot.esp32: SPI Mode       : DIO[0m
[0;32mI (39) boot.esp32: SPI Flash Size : 2MB[0m
[0;32mI (42) boot: Enabling RNG early entropy source...[0m
[0;32mI (47) boot: Partition Table:[0m
[0;32mI (49) boot: ## Label            Usage          Type ST Offset   Length[0m
[0;32mI (56) boot:  0 nvs              WiFi data        01 02 00009000 00006000[0m
[0;32mI (62) boot:  1 phy_init         RF data          01 01 0000f000 00001000[0m
[0;32mI (69) boot:  2 factory          factory app      00 00 00010000 00100000[0m
[0;32mI (75) boot: End of partition table[0m
[0;32mI (79) esp_image: segment 0: paddr=00010020 vaddr=3f400020 size=09e2ch ( 40492) map[0m
[0;32mI (100) esp_image: segment 1: paddr=00019e54 vaddr=3ffb0000 size=02400h (  9216) load[0m
[0;32mI (104) esp_image: segment 2: paddr=0001c25c vaddr=40080000 size=03dbch ( 15804) load[0m
[0;32mI (110) esp_image: segment 3: paddr=00020020 vaddr=400d0020 size=1055ch ( 66908) map[0m
[0;32mI (134) esp_image: segment 4: paddr=00030584 vaddr=40083dbc size=09200h ( 37376) load[0m
[0;32mI (149) esp_image: segment 5: paddr=0003978c vaddr=50000000 size=00020h (    32) load[0m
[0;32mI (156) boot: Loaded app from partition at offset 0x10000[0m
[0;32mI (156) boot: Disabling RNG early entropy source...[0m
[0;32mI (167) cpu_start: Multicore app[0m
[0;32mI (175) cpu_start: GPIO 3 and 1 are used as console UART I/O pins[0m
[0;32mI (176) cpu_start: Pro cpu start user code[0m
[0;32mI (176) cpu_start: cpu freq: 160000000 Hz[0m
[0;32mI (177) app_init: Application information:[0m
[0;32mI (181) app_init: Project name:     ADC[0m
[0;32mI (185) app_init: App version:      1[0m
[0;32mI (188) app_init: Compile time:     Apr 21 2026 14:48:01[0m
[0;32mI (193) app_init: ELF file SHA256:  2da684514...[0m
[0;32mI (198) app_init: ESP-IDF:          v5.5.2[0m
[0;32mI (201) efuse_init: Min chip rev:     v0.0[0m
[0;32mI (205) efuse_init: Max chip rev:     v3.99 [0m
[0;32mI (209) efuse_init: Chip rev:         v3.1[0m
[0;32mI (213) heap_init: Initializing. RAM available for dynamic allocation:[0m
[0;32mI (219) heap_init: At 3FFAE6E0 len 00001920 (6 KiB): DRAM[0m
[0;32mI (224) heap_init: At 3FFB2CE0 len 0002D320 (180 KiB): DRAM[0m
[0;32mI (230) heap_init: At 3FFE0440 len 00003AE0 (14 KiB): D/IRAM[0m
[0;32mI (235) heap_init: At 3FFE4350 len 0001BCB0 (111 KiB): D/IRAM[0m
[0;32mI (241) heap_init: At 4008CFBC len 00013044 (76 KiB): IRAM[0m
[0;33mW (247) spi_flash: Detected boya flash chip but using generic driver. For optimal functionality, enable `SPI_FLASH_SUPPORT_BOYA_CHIP` in menuconfig[0m
[0;32mI (259) spi_flash: detected chip: generic[0m
[0;32mI (262) spi_flash: flash io: dio[0m
[0;33mW (265) spi_flash: Detected size(4096k) larger than the size in the binary image header(2048k). Using the size in the binary image header.[0m
[0;32mI (278) main_task: Started on CPU0[0m
[0;32mI (288) main_task: Calling app_main()[0m
Guru Meditation Error: Core  0 panic'ed (Interrupt wdt timeout on CPU0). 

Core  0 register dump:
PC      : 0x400d8ec4  PS      : 0x00060334  A0      : 0x800d8fff  A1      : 0x3ffb3f00  
A2      : 0x00000001  A3      : 0x09896800  A4      : 0x3ffb3f20  A5      : 0x00060323  
A6      : 0x00000001  A7      : 0x0000cdcd  A8      : 0x3ff48800  A9      : 0x3ffb3ed0  
A10     : 0x00000000  A11     : 0xfbffffff  A12     : 0xffff0000  A13     : 0x00000000  
A14     : 0x00000000  A15     : 0x3ffaff10  SAR     : 0x0000001a  EXCCAUSE: 0x00000005  
EXCVADDR: 0x00000000  LBEG    : 0x4000c46c  LEND    : 0x4000c477  LCOUNT  : 0x00000000  


Backtrace: 0x400d8ec1:0x3ffb3f00 0x400d8ffc:0x3ffb3f20 0x400d87d1:0x3ffb3f50 0x400d613d:0x3ffb3f80 0x400dfe75:0x3ffb3fd0 0x40085cbd:0x3ffb4000


Core  1 register dump:
PC      : 0x40083ca2  PS      : 0x00060734  A0      : 0x800df8ca  A1      : 0x3ffb4bb0  
A2      : 0x00000000  A3      : 0x00000000  A4      : 0x3ffaf700  A5      : 0x3ffaf6e0  
A6      : 0x40081798  A7      : 0x00000001  A8      : 0x800d7a8a  A9      : 0x3ffb4b70  
A10     : 0x00000000  A11     : 0x00000000  A12     : 0x3ffaf6e0  A13     : 0x3ffaf6c0  
A14     : 0x00000001  A15     : 0x3ffafbc0  SAR     : 0x00000000  EXCCAUSE: 0x00000005  
EXCVADDR: 0x00000000  LBEG    : 0x00000000  LEND    : 0x00000000  LCOUNT  : 0x00000000  


Backtrace: 0x40083c9f:0x3ffb4bb0 0x400df8c7:0x3ffb4bd0 0x40086a6e:0x3ffb4bf0 0x40085cbd:0x3ffb4c10




ELF file SHA256: 2da684514

Rebooting...
ets Jul 29 2019 12:21:46

rst:0xc (SW_CPU_RESET),boot:0x13 (SPI_FAST_FLASH_BOOT)
configsip: 0, SPIWP:0xee
clk_drv:0x00,q_drv:0x00,d_drv:0x00,cs0_drv:0x00,hd_drv:0x00,wp_drv:0x00
mode:DIO, clock div:2
load:0x3fff0030,len:6384
load:0x40078000,len:15916
load:0x40080400,len:3920
entry 0x40080644
[0;32mI (27) boot: ESP-IDF v5.5.2 2nd stage bootloader[0m
[0;32mI (27) boot: compile time Apr 21 2026 14:48:23[0m
[0;32mI (27) boot: Multicore bootloader[0m
[0;32mI (29) boot: chip revision: v3.1[0m
[0;32mI (31) boot.esp32: SPI Speed      : 40MHz[0m
[0;32mI (35) boot.esp32: SPI Mode       : DIO[0m
[0;32mI (39) boot.esp32: SPI Flash Size : 2MB[0m
[0;32mI (42) boot: Enabling RNG early entropy source...[0m
[0;32mI (47) boot: Partition Table:[0m
[0;32mI (49) boot: ## Label            Usage          Type ST Offset   Length[0m
[0;32mI (56) boot:  0 nvs              WiFi data        01 02 00009000 00006000[0m
[0;32mI (62) boot:  1 phy_init         RF data          01 01 0000f000 00001000[0m
[0;32mI (69) boot:  2 factory          factory app      00 00 00010000 00100000[0m
[0;32mI (75) boot: End of partition table[0m
[0;32mI (79) esp_image: segment 0: paddr=00010020 vaddr=3f400020 size=09e2ch ( 40492) map[0m
[0;32mI (100) esp_image: segment 1: paddr=00019e54 vaddr=3ffb0000 size=02400h (  9216) load[0m
[0;32mI (104) esp_image: segment 2: paddr=0001c25c vaddr=40080000 size=03dbch ( 15804) load[0m
[0;32mI (110) esp_image: segment 3: paddr=00020020 vaddr=400d0020 size=1055ch ( 66908) map[0m
[0;32mI (134) esp_image: segment 4: paddr=00030584 vaddr=40083dbc size=09200h ( 37376) load[0m
[0;32mI (149) esp_image: segment 5: paddr=0003978c vaddr=50000000 size=00020h (    32) load[0m
[0;32mI (156) boot: Loaded app from partition at offset 0x10000[0m
[0;32mI (156) boot: Disabling RNG early entropy source...[0m
[0;32mI (167) cpu_start: Multicore app[0m
[0;32mI (175) cpu_start: GPIO 3 and 1 are used as console UART I/O pins[0m
[0;32mI (176) cpu_start: Pro cpu start user code[0m
[0;32mI (176) cpu_start: cpu freq: 160000000 Hz[0m
[0;32mI (177) app_init: Application information:[0m
[0;32mI (181) app_init: Project name:     ADC[0m
[0;32mI (185) app_init: App version:      1[0m
[0;32mI (188) app_init: Compile time:     Apr 21 2026 14:48:01[0m
[0;32mI (193) app_init: ELF file SHA256:  2da684514...[0m
[0;32mI (198) app_init: ESP-IDF:          v5.5.2[0m
[0;32mI (201) efuse_init: Min chip rev:     v0.0[0m
[0;32mI (205) efuse_init: Max chip rev:     v3.99 [0m
[0;32mI (209) efuse_init: Chip rev:         v3.1[0m
[0;32mI (213) heap_init: Initializing. RAM available for dynamic allocation:[0m
[0;32mI (219) heap_init: At 3FFAE6E0 len 00001920 (6 KiB): DRAM[0m
[0;32mI (224) heap_init: At 3FFB2CE0 len 0002D320 (180 KiB): DRAM[0m
[0;32mI (230) heap_init: At 3FFE0440 len 00003AE0 (14 KiB): D/IRAM[0m
[0;32mI (235) heap_init: At 3FFE4350 len 0001BCB0 (111 KiB): D/IRAM[0m
[0;32mI (241) heap_init: At 4008CFBC len 00013044 (76 KiB): IRAM[0m
[0;33mW (247) spi_flash: Detected boya flash chip but using generic driver. For optimal functionality, enable `SPI_FLASH_SUPPORT_BOYA_CHIP` in menuconfig[0m
[0;32mI (259) spi_flash: detected chip: generic[0m
[0;32mI (262) spi_flash: flash io: dio[0m
[0;33mW (265) spi_flash: Detected size(4096k) larger than the size in the binary image header(2048k). Using the size in the binary image header.[0m
[0;32mI (278) main_task: Started on CPU0[0m
[0;32mI (288) main_task: Calling app_main()[0m
Guru Meditation Error: Core  0 panic'ed (Interrupt wdt timeout on CPU0). 

Core  0 register dump:
PC      : 0x400d8ec4  PS      : 0x00060334  A0      : 0x800d8fff  A1      : 0x3ffb3f00  
A2      : 0x00000001  A3      : 0x09896800  A4      : 0x3ffb3f20  A5      : 0x00060323  
A6      : 0x00000001  A7      : 0x0000cdcd  A8      : 0x3ff48800  A9      : 0x3ffb3ed0  
A10     : 0x00000000  A11     : 0xfbffffff  A12     : 0xffff0000  A13     : 0x00000000  
A14     : 0x00000000  A15     : 0x3ffaff10  SAR     : 0x0000001a  EXCCAUSE: 0x00000005  
EXCVADDR: 0x00000000  LBEG    : 0x4000c46c  LEND    : 0x4000c477  LCOUNT  : 0x00000000  


Backtrace: 0x400d8ec1:0x3ffb3f00 0x400d8ffc:0x3ffb3f20 0x400d87d1:0x3ffb3f50 0x400d613d:0x3ffb3f80 0x400dfe75:0x3ffb3fd0 0x40085cbd:0x3ffb4000


Core  1 register dump:
PC      : 0x40083ca2  PS      : 0x00060734  A0      : 0x800df8ca  A1      : 0x3ffb4bb0  
A2      : 0x00000000  A3      : 0x00000000  A4      : 0x3ffaf700  A5      : 0x3ffaf6e0  
A6      : 0x40081798  A7      : 0x00000001  A8      : 0x800d7a8a  A9      : 0x3ffb4b70  
A10     : 0x00000000  A11     : 0x00000000  A12     : 0x3ffaf6e0  A13     : 0x3ffaf6c0  
A14     : 0x00000001  A15     : 0x3ffafbc0  SAR     : 0x00000000  EXCCAUSE: 0x00000005  
EXCVADDR: 0x00000000  LBEG    : 0x00000000  LEND    : 0x00000000  LCOUNT  : 0x00000000  


Backtrace: 0x40083c9f:0x3ffb4bb0 0x400df8c7:0x3ffb4bd0 0x40086a6e:0x3ffb4bf0 0x40085cbd:0x3ffb4c10




ELF file SHA256: 2da684514

Rebooting...
ets Jul 29 2019 12:21:46

rst:0xc (SW_CPU_RESET),boot:0x13 (SPI_FAST_FLASH_BOOT)
configsip: 0, SPIWP:0xee
clk_drv:0x00,q_drv:0x00,d_drv:0x00,cs0_drv:0x00,hd_drv:0x00,wp_drv:0x00
mode:DIO, clock div:2
load:0x3fff0030,len:6384
load:0x40078000,len:15916
load:0x40080400,len:3920
entry 0x40080644
[0;32mI (27) boot: ESP-IDF v5.5.2 2nd stage bootloader[0m
[0;32mI (27) boot: compile time Apr 21 2026 14:48:23[0m
[0;32mI (27) boot: Multicore bootloader[0m
[0;32mI (29) boot: chip revision: v3.1[0m
[0;32mI (31) boot.esp32: SPI Speed      : 40MHz[0m
[0;32mI (35) boot.esp32: SPI Mode       : DIO[0m
[0;32mI (39) boot.esp32: SPI Flash Size : 2MB[0m
[0;32mI (42) boot: Enabling RNG early entropy source...[0m
[0;32mI (47) boot: Partition Table:[0m
[0;32mI (49) boot: ## Label            Usage          Type ST Offset   Length[0m
[0;32mI (56) boot:  0 nvs              WiFi data        01 02 00009000 00006000[0m
[0;32mI (62) boot:  1 phy_init         RF data          01 01 0000f000 00001000[0m
[0;32mI (69) boot:  2 factory          factory app      00 00 00010000 00100000[0m
[0;32mI (75) boot: End of partition table[0m
[0;32mI (79) esp_image: segment 0: paddr=00010020 vaddr=3f400020 size=09e2ch ( 40492) map[0m
[0;32mI (100) esp_image: segment 1: paddr=00019e54 vaddr=3ffb0000 size=02400h (  9216) load[0m
[0;32mI (104) esp_image: segment 2: paddr=0001c25c vaddr=40080000 size=03dbch ( 15804) load[0m
[0;32mI (110) esp_image: segment 3: paddr=00020020 vaddr=400d0020 size=1055ch ( 66908) map[0m
[0;32mI (134) esp_image: segment 4: paddr=00030584 vaddr=40083dbc size=09200h ( 37376) load[0m
[0;32mI (149) esp_image: segment 5: paddr=0003978c vaddr=50000000 size=00020h (    32) load[0m
[0;32mI (156) boot: Loaded app from partition at offset 0x10000[0m
[0;32mI (156) boot: Disabling RNG early entropy source...[0m
[0;32mI (167) cpu_start: Multicore app[0m
[0;32mI (175) cpu_start: GPIO 3 and 1 are used as console UART I/O pins[0m
[0;32mI (176) cpu_start: Pro cpu start user code[0m
[0;32mI (176) cpu_start: cpu freq: 160000000 Hz[0m
[0;32mI (177) app_init: Application information:[0m
[0;32mI (181) app_init: Project name:     ADC[0m
[0;32mI (185) app_init: App version:      1[0m
[0;32mI (188) app_init: Compile time:     Apr 21 2026 14:48:01[0m
[0;32mI (193) app_init: ELF file SHA256:  2da684514...[0m
[0;32mI (198) app_init: ESP-IDF:          v5.5.2[0m
[0;32mI (201) efuse_init: Min chip rev:     v0.0[0m
[0;32mI (205) efuse_init: Max chip rev:     v3.99 [0m
[0;32mI (209) efuse_init: Chip rev:         v3.1[0m
[0;32mI (213) heap_init: Initializing. RAM available for dynamic allocation:[0m
[0;32mI (219) heap_init: At 3FFAE6E0 len 00001920 (6 KiB): DRAM[0m
[0;32mI (224) heap_init: At 3FFB2CE0 len 0002D320 (180 KiB): DRAM[0m
[0;32mI (230) heap_init: At 3FFE0440 len 00003AE0 (14 KiB): D/IRAM[0m
[0;32mI (235) heap_init: At 3FFE4350 len 0001BCB0 (111 KiB): D/IRAM[0m
[0;32mI (241) heap_init: At 4008CFBC len 00013044 (76 KiB): IRAM[0m
[0;33mW (247) spi_flash: Detected boya flash chip but using generic driver. For optimal functionality, enable `SPI_FLASH_SUPPORT_BOYA_CHIP` in menuconfig[0m
[0;32mI (259) spi_flash: detected chip: generic[0m
[0;32mI (262) spi_flash: flash io: dio[0m
[0;33mW (265) spi_flash: Detected size(4096k) larger than the size in the binary image header(2048k). Using the size in the binary image header.[0m
[0;32mI (278) main_task: Started on CPU0[0m
[0;32mI (288) main_task: Calling app_main()[0m
